Started: 2026-02-28 14:42:59.776346

=== Root files in Documents/ ===
  ✓ Readme.md  →  73_archive
  ✓ Welcome to Nextcloud Hub.docx  →  73_archive
  ✓ Example.md  →  73_archive
  ✓ Nextcloud flyer.pdf  →  73_archive

=== Subfolders ===

--- 11jCga6c5BTAdhkq14bBbragBoMd4n8fp → 11_notary ---
  ✓ 101791104.pdf  →  11_notary
  ✓ Gmail - Order Confirmation.pdf  →  11_notary
  ✓ NotaryApp_BENTLEY_DAIN_2026.pdf  →  11_notary

--- 1y9OQWSOV7taAF-updC6tg17eouFpwcsk → 61_travel ---
  ✓ https://checkin.txt  →  61_travel
  ✓ Seascape House Manual UPDATE.pdf  →  61_travel
  ✓ Boarding Pass - QHMSSN - DCA-SJU.pdf  →  61_travel

--- 1oJNBO1FU5imaZKvzxOr0vpqQK0LLRzmJ → 31_banking ---
  ✓ TSP Info.pdf - summarized.md  →  31_banking
  ✓ NavyFed Owner.pdf - summarized.md  →  31_banking
  ✓ 345927479949189.pdf  →  31_banking
  ✓ NavyFed Owner.pdf  →  31_banking
  ✓ USAA INFO.txt  →  31_banking
  ✓ Proof of Insurance Letter.pdf  →  31_banking
  ✓ TSP Info.pdf  →  31_banking
  ✓ Travel Guide.pdf  →  31_banking
  ✓ USAA Consumer Loan Credit Check.pdf  →  31_banking
  ✓ USAA_Document.pdf  →  31_banking
  ✓ USAA FSB Notice 2016.pdf  →  31_banking
  ✓ Settlement Check 2021.pdf  →  31_banking
  ✓ USAA Life Insurance 2016 statement.pdf  →  31_banking
  ✓ TSP.txt  →  31_banking
  ✓ Chase as of 28 Jan 2020.pdf  →  31_banking
  ✓ USAA Consumer Loan Pre-Closing.pdf  →  31_banking
  ✓ USAA_Document_consumer_loan.pdf  →  31_banking
  ✓ Check scan for Wells Fargo.pdf  →  31_banking
  ✓ Home_Budget_20181.accdb  →  31_banking
  ✓ Database4.accdb  →  31_banking
  ✓ USAA_Document.pdf  →  31_banking
  ✓ AutoIDCards.pdf  →  31_banking
  ✓ Virginia Department of Motor Vehicles _ dmvNOW.pdf  →  31_banking
  ✓ Registration Card.pdf  →  31_banking

--- 1ab5PRrq6yOb6PJwRhUle_TUR5286LwIP → 21_charlotte ---
  ✓ Urgent Care Visit  - Feb 25, 2026.pdf  →  21_charlotte
  ✓ INOVA ER 2025-11-25.pdf  →  21_charlotte
  ✓ ER 2025-11-25.pdf  →  21_charlotte
  ✓ IMG_20251125_081653.jpg  →  21_charlotte
  ✓ IMG_20251125_081653 (1).jpg  →  21_charlotte
  ✓ Scanned_20260115-2051.pdf  →  21_charlotte
  ✓ Bentley Math HW 2-17-26  →  21_charlotte
  ✓ Bentley Math HW  →  21_charlotte
  ✓ Copy of Worksheet 7.4 w answers.pdf  →  21_charlotte
  ✓ Copy of Math Assignments from this unit.jpg  →  21_charlotte
  ✓ Test for Test Corrections.pdf  →  21_charlotte
  ✓ Math Assignments from this unit.jpg  →  21_charlotte
  ✓ green sheet trimester 2.pdf  →  21_charlotte
  ✓ AIP -signed-20260114-1819.pdf  →  21_charlotte
  ✓ Therapists, psychiatrists, private Assessment.docx  →  21_charlotte
  ✓ C. Bentley AIP 2025-2026.docx.pdf  →  21_charlotte
  ✓ C. Bentley AIP 2025-2026.docx.pdf  →  21_charlotte
  ✓ King Herod.JPG  →  21_charlotte
  ✓ Charlotte Test Scores .pdf  →  21_charlotte
  ✓ com.google.android.apps.photos.Image  →  21_charlotte
  ✓ Warranty Deed.pdf  →  21_charlotte
  ✓ Missing Assignments  →  21_charlotte
  ✓ immigration interview.pdf  →  21_charlotte
  ✓ FILE_4463.pdf  →  21_charlotte
  ✓ com.google.android.apps.photos.Image  →  21_charlotte
  ✓ PXL_20250903_221858146.jpg  →  21_charlotte
  ✓ Back to School 2025.pdf  →  21_charlotte
  ✓ IMG_4837.jpeg  →  21_charlotte
  ✓ ms kelly homeroom 8th.pdf  →  21_charlotte
  ✓ Overall Middle school rules 2025-2026.pdf  →  21_charlotte
  ✓ Charlotte mid-term 2019-2020.pdf  →  21_charlotte
  ✓ agreement.pdf  →  21_charlotte
  ✓ All Trumpets, STM lesson at 12;15.pdf  →  21_charlotte
  ✓ 201909275205226.pdf  →  21_charlotte
  ✓ NEW FINALIZATION.docx  →  21_charlotte
  ✓ SSN.txt  →  21_charlotte
  ✓ Bentley Invoice.pdf  →  21_charlotte
  ✓ Annex G Exception to Policy Template.docx  →  21_charlotte
  ✓ ~$nex G Exception to Policy Template.docx  →  21_charlotte
  ✓ ACTIVE _ Stemtree of Falls Church.pdf  →  21_charlotte
  ✓ Nanny Share Contract (DRAFT 1).docx  →  21_charlotte
  ✓ Nikki Wray 2012 W2.pdf  →  21_charlotte
  ✓ VA5 - through March 31.pdf  →  21_charlotte
  ✓ Visitor Pass Application Signed (003).pdf  →  21_charlotte

--- 1IwxOnDjyRjeygv0RClKZhO-VCH3v9wbP → 74_duplicates ---
  ✓ Text File.txt  →  74_duplicates
  ✓ Voice memo 20-07-16 00-02-51.m4a  →  74_duplicates
  ✓ testes .docx  →  74_duplicates
  ✓ Voice memo 20-07-16 00-02-24.m4a  →  74_duplicates

--- 1hWEq8bYcwNUbovJmsq-Fb9i-41-MkMXp → 73_archive ---
  ✓ 05132020 Receipt - BENTLEY.pdf  →  73_archive
  ✓ Invoice20190701-17625-1028zqg.pdf  →  73_archive
  ✓ Bentley Transition Letter 2018.12.6.doc  →  73_archive
  ✓ 2019-07-10 10-12-12-1.pdf  →  73_archive
  ✓ TicketOrder20190625-20683434.pdf  →  73_archive
  ✓ 000319176.pdf  →  73_archive
  ✓ Consultation Documents (Bentley) - For Client Signature.pdf  →  73_archive
  ✓ Fwd-CDC-Camps-confirmation-of-weeks-to-cancel.pdf  →  73_archive
  ✓ MyChildSupport _ Payment Confirmation-2_2020.pdf  →  73_archive
  ✓ MyChildSupport _ Payment Confirmation_November.pdf  →  73_archive
  ✓ Visitor Pass Application Signed (003).pdf  →  73_archive
  ✓ VA DCSE _ dain.bentley@protonmail2.pdf  →  73_archive
  ✓ Thank You.pdf  →  73_archive
  ✓ MyChildSupport _ Payment Confirmation_June.pdf  →  73_archive
  ✓ MyChildSupport _ Payment Confirmation_2-20.pdf  →  73_archive
  ✓ MyChildSupport _ Payment Confirmation_December.pdf  →  73_archive
  ✓ MyChildSupport _ Payment Confirmation_May.pdf  →  73_archive
  ✓ MyChildSupport _ Payment Confirmation_October.pdf  →  73_archive
  ✓ Transfer Money Online Child Support 4-1-2019 _ USAA.pdf  →  73_archive
  ✓ MyChildSupport _ Payment Confirmation_September.pdf  →  73_archive
  ✓ MyChildSupport _ Payment Confirmation_1-20.pdf  →  73_archive
  ✓ Child Support_4-25-19 _ USAA.pdf  →  73_archive
  ✓ 2019-07-24 16-29-18-1.pdf  →  73_archive
  ✓ Childcare_Statement_2019_HH_4026(2).PDF  →  73_archive
  ✓ MyChildSupport _ Payment Confirmation_1_2020.pdf  →  73_archive
  ✓ CareCredit_July2019.pdf  →  73_archive
  ✓ MyChildSupport _ Payment Confirmation-4_2020.pdf  →  73_archive
  ✓ VA DCSE _ dain.bentley@protonmail.pdf  →  73_archive
  ✓ 2019-07-18 14-48-08-1.MOV  →  73_archive
  ✓ IMG_1361.mp4  →  73_archive
  ✓ 19-07-25 10-43-03 2713.png  →  73_archive
  ✓ 19-07-25 10-43-23 2714.png  →  73_archive
  ✓ 19-07-25 10-43-39 2715.png  →  73_archive
  ✓ Chase_Account.pdf  →  73_archive
  ✓ 20190128_BANK_four_star_checking_3278.pdf  →  73_archive
  ✓ From8332_2019.pdf  →  73_archive
  ✓ 20190326_BANK_four_star_checking_3278.pdf  →  73_archive
  ✓ 20190225_BANK_four_star_checking_3278.pdf  →  73_archive
  ✓ Text for lawyers fees.jpeg  →  73_archive
  ✓ BENTLEY, Dain 16613.PDF  →  73_archive
  ✓ Chase_Account1.pdf  →  73_archive
  ✓ PSA_2018_12_17.pdf  →  73_archive
  ✓ Bentley Exhibit and Order.pdf  →  73_archive
  ✓ Complaint for Divorce_2020.pdf  →  73_archive
  ✓ Custody_Document_2019_02_25.pdf  →  73_archive
  ✓ VA_DCSE_Contact_Letter.pdf  →  73_archive
  ✓ 082820 Def Opp to PL Demurrer - BENTLEY.pdf  →  73_archive
  ✓ VA_DCSE_COVID_2020.pdf  →  73_archive
  ✓ Dain_Bentley_Agreement_2020.pdf  →  73_archive
  ✓ Cordell_Retainer_Form_2018.pdf  →  73_archive
  ✓ Cordell_Hourly_Agreement.pdf  →  73_archive
  ✓ Please_DocuSign_7-3-20_Sellers_Counter_Offer.pdf  →  73_archive
  ✓ Counter Offer for 6328 Applegarth Ct. (2).pdf  →  73_archive
  ✓ LiveVault Restorable Data Version Update for the policy DCC - DAOPS - DATA F Drive  - United States Small Business Administration.msg  →  73_archive
  ✓ Dain Bently- FEB.xlsx  →  73_archive
  ✓ epelpdf.pdf  →  73_archive
  ✓ bullets.txt  →  73_archive
  ✓ ITS Tele Ext and cell nos May 2012.doc  →  73_archive
  ✓ elstmt_1-7-2017.pdf  →  73_archive
  ✓ FY_2016_Quarter_2_Review-DAIN_BENTLEY.pdf  →  73_archive
  ✓ FW SQL Server config questions.msg  →  73_archive
  ✓ Navient Jul 04, 2017.pdf  →  73_archive
  ✓ leave_09_02_15.pdf  →  73_archive
  ✓ Telework Agreement Jun 21, 2016, 15  →  73_archive
  ✓ Dain Bently- Cycle 1 Phase 2 4WK-JAN.xlsx  →  73_archive
  ✓ Dain Bentley DD-214.pdf  →  73_archive
  ✓ opm630a.pdf  →  73_archive
  ✓ Bentley.pdf  →  73_archive
  ✓ RE File server auditing.msg  →  73_archive
  ✓ ~$inBentley-resume-4-19.docx  →  73_archive
  ✓ Dain Bently- MAR.xlsx  →  73_archive
  ✓ Dain Bently- APRIL.xlsx  →  73_archive
  ✓ Portal Reboot Order.txt  →  73_archive
  ✓ Dains Post 9-11 GI Bill Eligibility.pdf  →  73_archive
  ✓ Doc Apr 23, 2018, 10_16.pdf  →  73_archive
  ✓ 2018-08-14 11-02-06-1.txt  →  73_archive
  ✓ SP-248 Concealed Handgun Permit Application rev 10-1-17 edits 1.pdf  →  73_archive
  ✓ Doc Apr 23, 2018, 10_18.pdf  →  73_archive
  ✓ Bulgarian_Manual-4-1.pdf  →  73_archive
  ✓ Dain Bently- Feb.xlsx  →  73_archive
  ✓ 2017 CHFP FAQ's.docx  →  73_archive
  ✓ Dain Bently- Jan.xlsx  →  73_archive
  ✓ Dain Bently- August-1.xlsx  →  73_archive
  ✓ Dain Bently- August Week 1.xlsx  →  73_archive
  ✓ stronglifts-5x5-lb.xls  →  73_archive
  ✓ Chinese-WL-Technical-Mastery-and-Training.pdf  →  73_archive
  ✓ Bulgarian_Manual-4.pdf  →  73_archive
  ✓ RSR.docx  →  73_archive
  ✓ Dain Bently- November.xlsx  →  73_archive
  ✓ SF 50 4-25-2015.pdf  →  73_archive
  ✓ Dain Bently- August.xlsx  →  73_archive
  ✓ 2017 Warm-Up and Mobility Cheat Sheet, Things You Need to Know 1.docx  →  73_archive
  ✓ 27504212841-556097272-ticket.pdf  →  73_archive
  ✓ document.pdf  →  73_archive
  ✓ eat_to_perform.pdf  →  73_archive
  ✓ Dain Bently- MAR.xlsx  →  73_archive
  ✓ Dain Bently- MAY.xlsx  →  73_archive
  ✓ Copy of Karas-9-Weeks-of-Heaven.xlsx  →  73_archive
  ✓ 2017 CHFP FAQ's.docx  →  73_archive
  ✓ 3PAR Concepts Guide 3.1.2.pdf  →  73_archive
  ✓ Amazon Credit.docx  →  73_archive
  ✓ NOVA Pain And Rehab Jul 04, 2017.pdf  →  73_archive
  ✓ 2017 Warm-Up and Mobility Cheat Sheet, Things You Need to Know.docx  →  73_archive
  ✓ Telework Agreement Jun 21, 2016, 15_09.pdf  →  73_archive
  ✓ Medstar 2-9-19.pdf  →  73_archive
  ✓ Clinic 11-11-15a.pdf  →  73_archive
  ✓ ElevateRecoveries_4_4_19.pdf  →  73_archive
  ✓ Jackson Clinic 9-20-2019.pdf  →  73_archive
  ✓ Clinic 11-11-15.pdf  →  73_archive
  ✓ PRP Treatment Feb 27, 2017, 12_00.pdf  →  73_archive
  ✓ PAOH2A~A.PDF  →  73_archive
  ✓ DB Receipt.pdf  →  73_archive
  ✓ Statement20181010-27132-1ydu39q.pdf  →  73_archive
  ✓ PRP Treatment Feb 27.pdf  →  73_archive
  ✓ Invoice20190701-17625-1028zqg.pdf  →  73_archive
  ✓ Jackson clinic 8-20-2019.pdf  →  73_archive
  ✓ Rostami 12-9-2015.pdf  →  73_archive
  ✓ NOVA Pain And Rehab Jul 04, 2017.pdf  →  73_archive
  ✓ FEP Temporary Member ID Card.pdf  →  73_archive
  ✓ Gmail - Payment Submitted - Your Inova - Webportal Account.pdf  →  73_archive
  ✓ LabCorp - 2_22_19.pdf  →  73_archive
  ✓ LabCorp - LabCorp_12-19-2018.pdf  →  73_archive
  ✓ 05132020 Receipt - BENTLEY.pdf  →  73_archive
  ✓ Ikea Shopping List.pdf  →  73_archive
  ✓ current_value.xps  →  73_archive
  ✓ Statement.pdf  →  73_archive
  ✓ Paycheck 1.pdf  →  73_archive
  ✓ Dains Post 9-11 GI Bill Eligibility.pdf  →  73_archive
  ✓ Dains will info.docx  →  73_archive
  ✓ About.txt  →  73_archive
  ✓ 111_ahcaa.pdf  →  73_archive
  ✓ 20081020_Top_Ten_Myths.pdf  →  73_archive
  ✓ printbadge.pdf  →  73_archive
  ✓ AT&T.txt  →  73_archive
  ✓ current_value.pdf  →  73_archive
  ✓ Reasons to use Nextcloud.pdf  →  73_archive
  ✓ Readme.md  →  73_archive
  ✓ IMG_1824.MOV  →  73_archive
  ✓ 2018-08-14 11-02-06-1.txt  →  73_archive
  ✓ Doc Sep 19, 2018, 19:03.pdf  →  73_archive
  ✓ Bentley, Dain Letter to Clerk of Court forwarding Petitions 2018.09.21.pdf  →  73_archive
  ✓ IMG_1823.MOV  →  73_archive
  ✓ IMG_1821.MOV  →  73_archive
  ✓ CodellandCordell.pdf  →  73_archive
  ✓ Bentley Custody Agreement 12.27.18 with changes.docx  →  73_archive
  ✓ IMG_1819.MOV  →  73_archive
  ✓ UCCJEA1.pdf  →  73_archive
  ✓ IMG_1815.MOV  →  73_archive
  ✓ Bentley Custody Agreement 12.27.18.pdf  →  73_archive
  ✓ confidential.pdf  →  73_archive
  ✓ IMG_1817.MOV  →  73_archive
  ✓ UCCJEA.pdf  →  73_archive
  ✓ cm2017.pdf  →  73_archive
  ✓ Bentley Custody Agreement 12.27.18 with changes(1).docx  →  73_archive
  ✓ IMG_1769.MOV  →  73_archive
  ✓ UCCJEA Copy1.pdf  →  73_archive
  ✓ Bentley Custody Agreement 2-4-19 with changes.docx  →  73_archive
  ✓ 8c7444475c9f632ea75098a3e3ec81d2--you-need-jesus-meme-best-memes-ever.jpg  →  73_archive
  ✓ The Vanishing (2018) [WEBRip] [720p] [YTS.AM].torrent  →  73_archive
  ✓ DainBentley-resume7-16-18.docx  →  73_archive
  ✓ MemberIDCard_Layout01_OPM.pdf  →  73_archive
  ✓ FileBot_4.8.2_x64.msi  →  73_archive
  ✓ DainBentley-resume1-11-18.docx  →  73_archive
  ✓ FEDVIP Dental - 2019 Coverage Details (MetLife, PPO - Standard) _ BENEFEDS.pdf  →  73_archive
  ✓ Mapache-master.zip  →  73_archive
  ✓ Archive.pst  →  73_archive
  ✓ INSTALLED_DEVICES.xlsx  →  73_archive
  ✓ FW REG115060912828028  Getting EVENTID 8 on WCF Services..msg  →  73_archive
  ✓ DCCI_Hardware_Software Mapping Template.xlsx  →  73_archive
  ✓ Book1.xlsx  →  73_archive
  ✓ False  →  73_archive
  ✓ ELADNS2.csv  →  73_archive
  ✓ Faculty.accdb  →  73_archive
  ✓ Default.rdp  →  73_archive
  ✓ Important Message from the U.S. Office of Personnel Management CIO.msg  →  73_archive
  ✓ Add AD roles.txt  →  73_archive
  ✓ New Anakam.TFA.7.0.Installation Notes.docx  →  73_archive
  ✓ MS Reciept.xps  →  73_archive
  ✓ NOVACC.xps  →  73_archive
  ✓ Book3.xlsx  →  73_archive
  ✓ Chat.txt  →  73_archive
  ✓ DCMS.rtsx  →  73_archive
  ✓ ChatLog SSL Troubleshooting 2016_02_24 10_15.rtf  →  73_archive
  ✓ AdventNetLicense.xml  →  73_archive
  ✓ Book2.xlsx  →  73_archive
  ✓ Issues Web Database.accdb  →  73_archive
  ✓ config.xml  →  73_archive
  ✓ imgLogo.jpg  →  73_archive
  ✗ FAIL: imgLearningMode.bmp
  ✓ imgAbout_hover.jpg  →  73_archive
  ✓ imgCategory.jpg  →  73_archive
  ✓ flash_SCR_  →  73_archive
  ✓ imgCertMode.bmp  →  73_archive
  ✓ imgOptions_hover.jpg  →  73_archive
  ✓ imgFlashCards.bmp  →  73_archive
  ✓ flash.exe.manifest  →  73_archive
  ✓ flash.exe  →  73_archive
  ✓ flash_prep_scr_  →  73_archive
  ✓ awx_nocheck.txt  →  73_archive
  ✓ SCR_  →  73_archive
  ✓ imgScore.bmp  →  73_archive
  ✓ imgAbout.jpg  →  73_archive
  ✓ imgScores_hover.jpg  →  73_archive
  ✓ imgScores.jpg  →  73_archive
  ✓ imgCategory_hover.jpg  →  73_archive
  ✓ ins_  →  73_archive
  ✓ COMCTL32.OCX  →  73_archive
  ✓ PICCLP32.OCX  →  73_archive
  ✓ TABCTL32.ocx  →  73_archive
  ✓ RICHTX32.OCX  →  73_archive
  ✓ msscript.ocx  →  73_archive
  ✓ comdlg32.ocx  →  73_archive
  ✓ MSCOMCTL.OCX  →  73_archive
  ✓ MSWINSCK.OCX  →  73_archive
  ✓ MSCOMCT2.OCX  →  73_archive
  ✓ aw-adv-report.txt  →  73_archive
  ✓ Test.dat  →  73_archive
  ✓ interface_config.aps  →  73_archive
  ✓ 00003872.jpg  →  73_archive
  ✓ SCR_  →  73_archive
  ✓ tpqd.dat  →  73_archive
  ✓ start.exe  →  73_archive
  ✓ su_  →  73_archive
  ✓ xlptest.dat  →  73_archive
  ✓ dv_  →  73_archive
  ✓ tpc.exe.manifest  →  73_archive
  ✓ lptest.dat  →  73_archive
  ✓ lpcfg.dat  →  73_archive
  ✓ tpc.exe  →  73_archive
  ✓ ins_  →  73_archive
  ✓ Form AD-334, Statement of Earnings and Leave PP05.pdf  →  73_archive
  ✓ Form AD-334, Statement of Earnings and Leave PP04.pdf  →  73_archive
  ✓ Form AD-334, Statement of Earnings and Leave PP02.pdf  →  73_archive
  ✓ Form AD-334, Statement of Earnings and Leave PP06.pdf  →  73_archive
  ✓ Form AD-334, Statement of Earnings and Leave PP01.pdf  →  73_archive
  ✓ Form AD-334, Statement of Earnings and Leave PP03.pdf  →  73_archive
  ✓ Nextcloud intro.mp4  →  73_archive
  ✓ Nextcloud Manual.pdf  →  73_archive
  ✓ 05132020 Receipt - BENTLEY.pdf  →  73_archive
  ✓ Ikea Shopping List.pdf  →  73_archive
  ✓ current_value.xps  →  73_archive
  ✓ Statement.pdf  →  73_archive
  ✓ Paycheck 1.pdf  →  73_archive
  ✓ Dains Post 9-11 GI Bill Eligibility.pdf  →  73_archive
  ✓ Dains will info.docx  →  73_archive
  ✓ Auto_Loan.xps  →  73_archive
  ✓ About.txt  →  73_archive
  ✓ 111_ahcaa.pdf  →  73_archive

--- 1gBQgfqaE_2aI3HdkU6Ml2WDbgthINpTa → 33_taxes ---
  ✓ IRS Epay.txt  →  33_taxes
  ✓ tax-document.pdf  →  33_taxes
  ✓ form_1040sd_2025 (3).pdf  →  33_taxes
  ✓ 603f9fee-04d2-56b7-87d8-add70f742a76.pdf  →  33_taxes
  ✓ 603f9fee-04d2-56b7-87d8-add70f742a76.pdf  →  33_taxes
  ✓ 1099DA  →  33_taxes
  ✓ form_1040s1_2025.pdf  →  33_taxes
  ✓ form_8949_2025.pdf  →  33_taxes
  ✓ W2stmt.pdf  →  33_taxes
  ✓ d59da242bd2652c71ef56d83b9b3408945aa4cfd8a2a4d8d9297dae368023c5a_1771341619.pdf  →  33_taxes
  ✓ 1e42ba30-3ccf-4510-bd2b-9c2219dc4cc1.pdf  →  33_taxes
  ✓ 1f97e48b-b544-4b3f-adf2-e44afa52b748.pdf  →  33_taxes
  ✓ 533d1203-234d-4d45-b689-8647e362be7e.pdf  →  33_taxes
  ✓ 2025 tax form 1099-INT-2026-02-17T09_57_01.872Z.pdf  →  33_taxes
  ✓ gcpwstandaloneenterprise64.msi  →  33_taxes
  ✓ YearEnd20260108083958.pdf  →  33_taxes
  ✓ Forking Car tax 2025.pdf  →  33_taxes
  ✓ Order Information - MSI-US Official Store.pdf  →  33_taxes
  ✓ 2024-10-02 17-36-07-0.png  →  33_taxes
  ✓ epw2pdf.aspx  →  33_taxes
  ✓ W2stmt2024.pdf  →  33_taxes
  ✓ Screenshot_20250908-102019.png  →  33_taxes
  ✓ Screenshot_20250908-102006.png  →  33_taxes
  ✓ Payment Receipt_ One Time Payment_ Virginia Tax.pdf  →  33_taxes
  ✓ form_8949_2024.pdf  →  33_taxes
  ✓ form_8949_2023.pdf  →  33_taxes
  ✓ form_8949_2024.pdf  →  33_taxes
  ✓ IRS Form 8332.pdf  →  33_taxes
  ✓ tax-document.pdf  →  33_taxes
  ✓ YearEnd20250215121159.pdf  →  33_taxes
  ✓ 2025 Tax Documents_merged_unsigned.pdf  →  33_taxes
  ✓ 2025 Tax Documents_merged.pdf  →  33_taxes
  ✓ 2025 All Tax Documents_merged_rearranged.pdf  →  33_taxes
  ✓ 2025 All Tax Documents_merged.pdf  →  33_taxes
  ✓ 2025 Tax Documents.pdf  →  33_taxes
  ✓ i1040tt.pdf  →  33_taxes
  ✓ cp21b.pdf  →  33_taxes
  ✓ 158714428.html  →  33_taxes
  ✓ herrgrinch88s_goremod.zip  →  33_taxes
  ✓ Individual Online Account 1-5-2023.pdf  →  33_taxes
  ✓ Fucking Virginia Department of Taxation12_2_2022.pdf  →  33_taxes
  ✓ Fucking Virginia Department of Taxation-4-11-2023.pdf  →  33_taxes
  ✓ elstmt-PP17.pdf  →  33_taxes
  ✓ vps-list_2023-01-12.xml  →  33_taxes
  ✓ elstmt-PP16.pdf  →  33_taxes
  ✓ elstmt-PP15.pdf  →  33_taxes
  ✓ elstmt-PP14.pdf  →  33_taxes
  ✓ cp21a.pdf  →  33_taxes
  ✓ cp029814.exe  →  33_taxes
  ✗ FAIL: cp029814 (1).exe
  ✓ confirmation.pdf  →  33_taxes
  ✓ W2stmt.pdf  →  33_taxes
  ✓ VA 2020 Return.pdf  →  33_taxes
  ✓ US_Signature_Form_for_TR570933.pdf  →  33_taxes
  ✓ Tiny Fax.pdf  →  33_taxes
  ✓ Summary.pdf  →  33_taxes
  ✓ Screenshot 2022-06-17 123304.png  →  33_taxes
  ✓ Lindsay_White.pdf  →  33_taxes
  ✓ Screenshot 2022-06-17 123135.png  →  33_taxes
  ✓ ITS_Letter_1962C.pdf  →  33_taxes
  ✓ Invoice_1092205797.pdf  →  33_taxes
  ✓ IRS_BILL_2019.pdf  →  33_taxes
  ✓ fucking_car_tax.pdf  →  33_taxes
  ✓ State_Extension.pdf  →  33_taxes
  ✓ IRS CP12 Apr 11, 2022, 2.01.pdf  →  33_taxes
  ✓ IRS 2448 Jun 06, 2022, 1_52.pdf  →  33_taxes
  ✓ IRS 1040 Jun 06, 2022, 1_55.pdf  →  33_taxes
  ✓ Fed_Extension.pdf  →  33_taxes
  ✓ CP-14 Apr 06, 2022, 6.19.pdf  →  33_taxes
  ✓ VA Tax Agent talk 1-26-2023.txt  →  33_taxes
  ✓ VA Fucking income Tax 1-26-2023.pdf  →  33_taxes
  ✓ epelpdf.pdf  →  33_taxes
  ✓ enq_phone_number (1).pdf  →  33_taxes
  ✓ Wells Fargo withdrawl 12-2018.pdf  →  33_taxes
  ✓ W2-2018.pdf  →  33_taxes
  ✓ W2-2017.pdf  →  33_taxes
  ✓ VMUG_Custom_Report.pdf  →  33_taxes
  ✓ VA_Audit- Individual Online Account.pdf  →  33_taxes
  ✓ Payment Confirmation.pdf  →  33_taxes
  ✓ IRS payment.txt  →  33_taxes
  ✓ AcroBrwEx_f9465.pdf_ADW853F.pdf  →  33_taxes
  ✓ 2018_TaxReturn.pdf.pdf  →  33_taxes
  ✓ 201812_Record of Account_BENT_100579127751.pdf  →  33_taxes
  ✓ 1099-R.pdf  →  33_taxes
  ✓ Individual Online Account.pdf  →  33_taxes
  ✓ Individual Online Account - 4-2022.pdf  →  33_taxes
  ✓ Bill Number-47583.pdf  →  33_taxes
  ✓ mortgage_payments.pdf  →  33_taxes
  ✓ fuckingcartax.pdf  →  33_taxes
  ✓ epw2pdf.aspx  →  33_taxes
  ✓ YearEnd20220310015632.pdf  →  33_taxes
  ✓ W2stmt_Page_3.png  →  33_taxes
  ✓ W2stmt_Page_2.png  →  33_taxes
  ✓ W2stmt_Page_1.png  →  33_taxes
  ✓ W2stmt.pdf  →  33_taxes
  ✓ Virginia Department of Taxation_payment_11-1-2022.pdf  →  33_taxes
  ✓ VA Tax collection.txt  →  33_taxes
  ✓ TurboTax Live Premier 2021.pdf  →  33_taxes
  ✓ TaxReturn_2021.pdf  →  33_taxes
  ✓ Ribinhood Crypto.pdf  →  33_taxes
  ✓ IRS 2021 impact.pdf  →  33_taxes
  ✓ Fucking Car taz1t.pdf  →  33_taxes
  ✓ Coinbase-2021-CB-TURBOTAX-GAINLOSS.csv  →  33_taxes
  ✗ FAIL: 6cd76cf5-7b72-40ad-b06c-49f9cdcb3b11.csv
  ✓ 3498fabf-81a1-578a-aee6-379ab0a12105.PDF  →  33_taxes
  ✓ 2021 – Robinhood Securities 1099.pdf  →  33_taxes
  ✓ 2021 – Robinhood Crypto 1099.pdf  →  33_taxes
  ✓ W2stmt.pdf  →  33_taxes
  ✓ BentleyD_PIF.pdf  →  33_taxes
  ✓ epw2pdf.pdf  →  33_taxes
  ✓ https___partners.microsoft.com_partnerprogram_OrderConfirmationPrintable-2017.pdf  →  33_taxes
  ✓ TurboTax_Print_Preview_07-13-2020T11.20.11.912.pdf  →  33_taxes
  ✓ W2stmt.pdf  →  33_taxes
  ✓ From8332_2019.pdf  →  33_taxes
  ✓ siastream-linux-x64.zip  →  33_taxes
  ✓ 2019 Bentley D Form 1040  Individual Tax Return.tax2019  →  33_taxes
  ✓ 2019 Bentley D Form 1040  Individual Tax Return_Filing.pdf  →  33_taxes
  ✓ studentloan.pdf  →  33_taxes
  ✓ robinhood.pdf  →  33_taxes
  ✓ monero-gui-win-x64-v0.18.2.0.zip  →  33_taxes
  ✓ f8949_dain.bentley@gmail.com.pdf  →  33_taxes
  ✓ csminer-0.3.3-linux.tgz  →  33_taxes
  ✓ YearEnd20230317181500.pdf  →  33_taxes
  ✓ W2stmt.pdf  →  33_taxes
  ✓ SignalSetup.exe  →  33_taxes
  ✓ Dominion Energy __ Past Billing, Payment, & Usage.pdf  →  33_taxes
  ✓ 110650976.pdf  →  33_taxes
  ✓ mortgage.pdf  →  33_taxes
  ✓ fairfax.txt  →  33_taxes
  ✓ W2stmt.pdf  →  33_taxes
  ✓ Bentley1099.pdf  →  33_taxes
  ✓ 2020 – Robinhood Securities 1099.pdf  →  33_taxes
  ✓ ShowBillImage.pdf  →  33_taxes
  ✓ 20210221105357.pdf  →  33_taxes
  ✓ GJ_receipt_SF_NA_res_SD-4700866.pdf  →  33_taxes
  ✓ 20210221105602.pdf  →  33_taxes
  ✓ House statement.pdf  →  33_taxes
  ✓ TaxReturn2014.pdf  →  33_taxes
  ✓ VA 2014.pdf  →  33_taxes

--- 1-D1eDnnExUlTY7mw0SAA6GsXB42f-WTL → 22_divorce ---
  ✓ CodellandCordell.pdf  →  22_divorce
  ✓ confidential.pdf  →  22_divorce
  ✓ UCCJEA Copy1.pdf  →  22_divorce
  ✓ UCCJEA.pdf  →  22_divorce
  ✓ UCCJEA1.pdf  →  22_divorce
  ✓ Doc_Sep_19,_2018,_19_03.pdf  →  22_divorce
  ✓ Bentley, Dain Letter to Clerk of Court forwarding Petitions 2018.09.21.pdf  →  22_divorce
  ✓ Initial Status Letter.pdf  →  22_divorce
  ✓ Document.docx  →  22_divorce
  ✓ Document copy.docx  →  22_divorce
  ✓ 2555679.PDF  →  22_divorce
  ✓ 2018-08-14 11-02-06-1.txt  →  22_divorce
  ✗ FAIL: 05132020 Receipt - BENTLEY.pdf
  ✗ FAIL: Invoice20190701-17625-1028zqg.pdf
  ✓ Bentley Transition Letter 2018.12.6.doc  →  22_divorce
  ✓ 2019-07-10 10-12-12-1.pdf  →  22_divorce
  ✓ TicketOrder20190625-20683434.pdf  →  22_divorce
  ✓ 000319176.pdf  →  22_divorce
  ✓ Consultation Documents (Bentley) - For Client Signature.pdf  →  22_divorce
  ✓ Fwd-CDC-Camps-confirmation-of-weeks-to-cancel.pdf  →  22_divorce

--- 1F21VSKl-tpQ-3YB24mdhK-z9f5J_Yza7 → 42_from_work ---
  ✓ Tivoli Hosted Space - November.xlsx  →  42_from_work
  ✓ Tivoli Hosted Space_July.xlsx  →  42_from_work
  ✓ VMware-viclient.exe  →  42_from_work
  ✓ TSM (2).xlsx  →  42_from_work
  ✓ trbds04sql.xlsx  →  42_from_work
  ✓ Tivoli_Nodes.xlsx  →  42_from_work
  ✓ tSM Nodes to be Removed.txt  →  42_from_work
  ✓ UNIX TSM.xlsx  →  42_from_work
  ✓ Tivoli Backup Space by Node - July 27th 2010.xlsx  →  42_from_work
  ✓ Win2008 Part 2 OS Configuration.doc  →  42_from_work
  ✓ Tivoli Stats.xlsx  →  42_from_work
  ✓ TDPProposalrev2.doc  →  42_from_work
  ✓ Win2008 Part 1 OS Installation.doc  →  42_from_work
  ✓ DRAFT RFP SCHEDULE 06-07-06.doc  →  42_from_work
  ✓ Movers Contact Info.doc  →  42_from_work
  ✓ Move Event Summary 06-08-06.doc  →  42_from_work
  ✓ ITS RFP Move Vendor Contact Info 6-20-06.doc  →  42_from_work
  ✓ Move Event Summary 06-20-06.doc  →  42_from_work
  ✓ Move Event Summary 06-21-06.doc  →  42_from_work
  ✓ NAS RFP - Relocation Systems.htm  →  42_from_work
  ✓ NATIONAL ACADEMY OF SCIENCES.pdf  →  42_from_work
  ✓ NCA 4 AND 4.1.pdf  →  42_from_work
  ✓ NAS PPT PRE.pdf  →  42_from_work
  ✓ NAS Move Services RFP - HP&SUN Equipmt - Rev 1.doc  →  42_from_work
  ✓ NAS Move Services RFP - Overall IT Move Vendor - Rev 3. 06-23-06.doc  →  42_from_work
  ✓ NAS Move Services RFP - HP&SUN Equipmt - Rev 2 06-21-06.doc  →  42_from_work
  ✓ NAS Move Services RFP appendices - HP & SUN Equipmt - Rev 1.pdf  →  42_from_work
  ✓ NAS Move Services RFP - Overall IT Move Vendor - Rev 2. 06-21-06.doc  →  42_from_work
  ✓ NAS Move Services RFP - HP&SUN Equipmt - Rev 3 06-23-06.doc  →  42_from_work
  ✓ NAS Move Services RFP appendices - Overall IT Move Vendor - Rev 1.pdf  →  42_from_work
  ✓ NAS Move Services RFP - Overall IT Move Vendor - Rev 1.doc  →  42_from_work
  ✓ IT Move Vendor Mod v2 07-25-06.doc  →  42_from_work
  ✓ IT Move Vendor Mod 1 07-25-06.doc  →  42_from_work
  ✓ Move Vendor RFP Question Responses 7-21-06.doc  →  42_from_work
  ✓ Move Vendor RFP Question Reponses 7-19-06.doc  →  42_from_work
  ✓ NAS Move Services RFP appendices - Overall IT Move Vendor.pdf  →  42_from_work
  ✓ NAS Move Services RFP - Overall IT Move Vendor.doc  →  42_from_work
  ✓ NAS Route Analysis & Specs - HP & SUN Equipmt.pdf  →  42_from_work
  ✓ NAS Route Analysis & Specs - Overall IT Move Vendor.pdf  →  42_from_work
  ✓ NAS Move Services RFP - HP & SUN Equipmt.doc  →  42_from_work
  ✓ NAS Move Services RFP appendices - HP & SUN Equipmt.pdf  →  42_from_work
  ✓ Mover Proposal Evaluation Group 081106.xls  →  42_from_work
  ✓ Mover Proposal Evaluation Group2 081106.xls  →  42_from_work
  ✓ Mover Proposal Evaluation JShall 081006.xls  →  42_from_work
  ✓ ITS RFP Move Vendor Contact Info 6-20-06.doc  →  42_from_work
  ✓ NAS Move Services RFP - Overall IT Move Vendor - Final 06-23-06.doc  →  42_from_work
  ✓ NAS Move Services RFP appendices - HP & SUN Equipmt - Rev 1.pdf  →  42_from_work
  ✓ NAS Move Services RFP appendices - Overall IT Move Vendor - Rev 1.pdf  →  42_from_work
  ✓ ITS RFP Move Vendor Contact Info 7-05-06.doc  →  42_from_work
  ✓ NAS Move Services RFP - HP&SUN Equipmt - Final 06-23-06.doc  →  42_from_work
  ✓ NAS Move Services RFP - HP  SUN Equipmt Lonnie comments.doc  →  42_from_work
  ✓ NAS Move Services RFP - Overall IT Move Vendor Lonnie comments.doc  →  42_from_work
  ✓ Sign In Sheet.doc  →  42_from_work
  ✓ Vendors Attending 7-11-06.doc  →  42_from_work
  ✓ Bidders Overview 07-07-06.ppt  →  42_from_work
  ✓ NAS Mover Walkthrough Agenda 7-11-06.doc  →  42_from_work
  ✓ Directions to Tyson Corner.doc  →  42_from_work
  ✓ Revised RFP Events Schedule.doc  →  42_from_work
  ✓ ITS Move Vendor Bidders Agenda.doc  →  42_from_work
  ✓ Draft NAS Mover Walkthrough Agenda 7-7.doc  →  42_from_work
  ✓ ServerList.xls  →  42_from_work
  ✓ Copy of NAS Master Inventory (Vers 3.3). 8-04-06.xls  →  42_from_work
  ✓ 3E0D1000  →  42_from_work
  ✓ E94D1000  →  42_from_work
  ✓ NAS Master Inventory (Vers 3.3). 8-04-06.xls  →  42_from_work
  ✓ ME3.xls  →  42_from_work
  ✓ 0711AA00  →  42_from_work
  ✓ Server list for ME2.xls  →  42_from_work
  ✓ A6832000  →  42_from_work
  ✓ 2A301000  →  42_from_work
  ✓ NAS Master Inventory (Vers 2.4). 6-21-06.xls  →  42_from_work
  ✓ Copy of NAS Master Inventory (Vers 3.3). 8-04-06.xls  →  42_from_work
  ✓ NAS Master Inventory (Vers 2.9). 7-25-06.xls  →  42_from_work
  ✓ NAS Master Inventory (Vers 2.1). 6-20-06.xls  →  42_from_work
  ✓ NAS Master Inventory (Vers 2.3). 6-21-06.xls  →  42_from_work
  ✓ NAS Master Inventory (Vers 1.0). 6-16-06.xls  →  42_from_work
  ✓ Inventory Change Log 7-11-06.xls  →  42_from_work
  ✓ NAS Master Inventory (Vers 3.3). 8-07-06.xls  →  42_from_work
  ✓ ME1server inventory.xls  →  42_from_work
  ✓ NAS Master Inventory (Vers 2.5). 6-23-06.xls  →  42_from_work
  ✓ NAS Master Inventory (Vers 2.8). 7-11-06.xls  →  42_from_work
  ✓ NAS Master Inventory (Vers 3.4). 8-08-06.xls  →  42_from_work
  ✓ NAS Master Inventory (Vers 2.2). 6-21-06.xls  →  42_from_work
  ✓ NAS Master Inventory (Vers 3.1). 7-27-06.xls  →  42_from_work
  ✓ NAS Master Inventory (Vers 3.0). 7-26-06.xls  →  42_from_work
  ✓ NAS ME1 Master Inventory (Vers 3 12).xls  →  42_from_work
  ✓ NAS Master Inventory (Vers 3.6). 9-12-06.xls  →  42_from_work
  ✓ NAS Master Inventory (Vers 2.6). 6-29-06.xls  →  42_from_work
  ✓ Copy of NAS Master Inventory (Vers 3.2). 7-28-06.xls  lc.xls  →  42_from_work
  ✓ NAS Master Inventory (Vers 3.5). 8-08-06.xls  →  42_from_work
  ✓ Data Center Room Layout 06-09-06.vsd  →  42_from_work
  ✓ KK Lab Room Layout 06-09-06.vsd  →  42_from_work
  ✗ FAIL: ADG Lab Room Layout 06-12-06.vsd
  ✓ UNIX Room Layout 06-09-06.vsd  →  42_from_work
  ✓ NOC Room Layout 06-09-06.vsd  →  42_from_work
  ✓ KK - Device & Rack Inventory List - 6-8-06.xls  →  42_from_work
  ✓ Other KK Equipment - 06-16-06.xls  →  42_from_work
  ✓ Data Center Device & Rack Inventory List - 6-5-06.xls  →  42_from_work
  ✓ ADG Lab - Inventory List - 6-8-06.xls  →  42_from_work
  ✓ KK Lab - Telecom - 06-13-06.xls  →  42_from_work
  ✓ NOC - Inventory List - 6-8-06.xls  →  42_from_work
  ✓ KK - Device & Rack Inventory List - 6-10-06.xls  →  42_from_work
  ✓ HP Equipment Device & Rack Inventory List - 6-10-06.xls  →  42_from_work
  ✓ Surplus EQuipment - 06-16-06.xls  →  42_from_work
  ✓ Misc Items in DC - NOC - KK - 06-16-06.xls  →  42_from_work
  ✓ Data Center - Telecom - 06-13-06.xls  →  42_from_work
  ✓ Data Center APC Equipment - 06-16-06.xls  →  42_from_work
  ✓ KK - Device & Rack Inventory List - 6-8-06.xls  →  42_from_work
  ✓ KK - Device & Rack Inventory List - 6-9-06.xls  →  42_from_work
  ✓ HP Equipment Device & Rack Inventory List - 6-9-06.xls  →  42_from_work
  ✓ HP Equipment Device & Rack Inventory List - 6-7-06.xls  →  42_from_work
  ✓ ITS Hosted Servers v1.7.xls  →  42_from_work
  ✓ PC Analyst Test Plan for 11 17-18.doc  →  42_from_work
  ✓ Flow Chart for Assignments.vsd  →  42_from_work
  ✓ PC Analyst Test Plan for 11-22-06 (2).doc  →  42_from_work
  ✓ All of ITS STaff.xls  →  42_from_work
  ✓ Master List ver. 4.xls  →  42_from_work
  ✓ Test procedures for the Phones at Terrell.doc  →  42_from_work
  ✓ Netops staff.xls  →  42_from_work
  ✓ Master Terrell IPT List v8.xls  →  42_from_work
  ✓ Master Terrell IPT List v10.xls  →  42_from_work
  ✓ Master Terrell IPT List v7.xls  →  42_from_work
  ✓ Master Terrell IPT List from Mike A.xls  →  42_from_work
  ✓ Master Terrell IPT List v9.xls  →  42_from_work
  ✓ Terrell Place Staff and phones.xls  →  42_from_work
  ✓ Master Terrell IPT List v11.xls  →  42_from_work
  ✓ Master phone list.xls  →  42_from_work
  ✓ Master phone list updated.xls  →  42_from_work
  ✓ phonebook_terrell.xls  →  42_from_work
  ✓ Nextel Phone info for Staff move.xls  →  42_from_work
  ✓ Staff Plan 11-13-06.xls  →  42_from_work
  ✓ Staff list for Nov27.xls  →  42_from_work
  ✓ Staff planning for 11-21-06.xls  →  42_from_work
  ✓ Netops staff notification.xls  →  42_from_work
  ✓ Staff Plan 09-22-06.xls  →  42_from_work
  ✓ Staff Plan 10-19-06.xls  →  42_from_work
  ✓ ITS staff notification.xls  →  42_from_work
  ✓ NetOps Staff Planning.xls  →  42_from_work
  ✓ NAS Route Analysis & Specs - Rev 4 05-24-06.doc  →  42_from_work
  ✓ NAS Master Project Schedule (Option 2 - Purchase New Core Hardware).mpp  →  42_from_work
  ✓ NAS Master Project Schedule (Option 3 - Purchase All New Equipment).mpp  →  42_from_work
  ✓ NAS Master Project Schedule (Original ATS Version 8).mpp  →  42_from_work
  ✓ NAS Master Project Schedule (Option 1 - Move Existing NCC Equipment).mpp  →  42_from_work
  ✓ Keck OFfice Moves Status - 8-24-06.doc  →  42_from_work
  ✓ Keck OFfice Moves Status - 6-12-06.doc  →  42_from_work
  ✓ NAS Move R&R Presentation (Vers 2).ppt  →  42_from_work
  ✓ App_owner_info v2.xls  →  42_from_work
  ✓ Relocation Binder Cover.doc  →  42_from_work
  ✓ Server Relocation Test Plan v1.doc  →  42_from_work
  ✓ App_owner_info.xls  →  42_from_work
  ✓ Test plan-PNAS oracle.doc  →  42_from_work
  ✓ ~$ntingency Plan-PNAS oracle.doc  →  42_from_work
  ✓ Contingency Plan-PNAS oracle.doc  →  42_from_work
  ✓ ~$st plan-PNAS oracle.doc  →  42_from_work
  ✓ PNAS-Oracle server sheet.doc  →  42_from_work
  ✓ Server Relocation Test Sign Off.doc  →  42_from_work
  ✓ Contingency Plan-Breeze.doc  →  42_from_work
  ✓ Test Plan-Breeze.doc  →  42_from_work
  ✓ SDP-Breeze server sheet.doc  →  42_from_work
  ✓ Test plan-PNAS member search.doc  →  42_from_work
  ✓ PNAS Member-Search server sheet.doc  →  42_from_work
  ✓ Introduction to the PNAS FTP Server.doc  →  42_from_work
  ✓ PNAS FTP server sheet.doc  →  42_from_work
  ✓ PNASFX management.doc  →  42_from_work
  ✓ Testing plan-PGA online.doc  →  42_from_work
  ✓ Contingency plan-PGA online.doc  →  42_from_work
  ✓ PGA-Online server sheet.doc  →  42_from_work
  ✓ Test plan-PGA-OSEP SAS.doc  →  42_from_work
  ✓ Contingency plan-PGA-OSEP SAS.doc  →  42_from_work
  ✓ PGA-SAS server sheet.doc  →  42_from_work
  ✓ PGA-OSEP server sheet.doc  →  42_from_work
  ✓ Test plan-OSEP.doc  →  42_from_work
  ✓ Contingency plan-PGA-OSEP.doc  →  42_from_work
  ✓ PGA GUIRR server sheet.doc  →  42_from_work
  ✓ Contingency Plan-PGA GUIRR.doc  →  42_from_work
  ✓ Test Plan-PGA GUIRR.doc  →  42_from_work
  ✓ Test Plan-Goldmine.doc  →  42_from_work
  ✓ ONPI-Goldmine server sheet.doc  →  42_from_work
  ✓ Contingency Plan-Goldmine.doc  →  42_from_work
  ✓ Contingency plan-OD.doc  →  42_from_work
  ✓ OD-Raiser Edge server sheet.doc  →  42_from_work
  ✓ Test plan-OD.doc  →  42_from_work
  ✓ Test Plan-BeyondDiscover.doc  →  42_from_work
  ✓ BeyondDiscover server sheet.doc  →  42_from_work
  ✓ Contingency Plan-Beyonddiscovery.doc  →  42_from_work
  ✓ NAP-Webtrends server sheet 103106.doc  →  42_from_work
  ✓ NAP-Webtrends server sheet103006.doc  →  42_from_work
  ✓ Test plan-Webtrends.doc  →  42_from_work
  ✓ Contengincy plan-NAP Webtrends.doc  →  42_from_work
  ✓ Contingency Plan for Avanti.doc  →  42_from_work
  ✓ Test Plan-Avanti.doc  →  42_from_work
  ✓ Avanti Contingency Plan.rtf  →  42_from_work
  ✓ Avanti server sheet.doc  →  42_from_work
  ✓ Contingency plan-NAP Linux.doc  →  42_from_work
  ✓ Testing plan-NAP Linux.doc  →  42_from_work
  ✓ NAP-Linux server sheet.doc  →  42_from_work
  ✓ Contingency Plan-NAE Dues .doc  →  42_from_work
  ✓ Test Plan-NAE Dues.doc  →  42_from_work
  ✓ NAE Dues server sheet.doc  →  42_from_work
  ✓ ME2 Testers.xls  →  42_from_work
  ✓ Admin Move Schedule 10-10-06.doc  →  42_from_work
  ✓ Other Support Personnel.doc  →  42_from_work
  ✓ Move Event Food Plan 09-07-06.doc  →  42_from_work
  ✓ PRE-MOVE PLANNING MTGS 10-05-06.doc  →  42_from_work
  ✓ Other Support Personnel 10-10-06.doc  →  42_from_work
  ✓ Admin Move Schedule 09-18-06.doc  →  42_from_work
  ✓ NAS ME1 Issue Log.xls  →  42_from_work
  ✓ NAS ME1 Project Plan (Vers 4).pdf  →  42_from_work
  ✓ NAS ME1 Inv Coord Tysons List.xls  →  42_from_work
  ✓ NAS ME1 Inventory Coordinator Procedures.ppt  →  42_from_work
  ✓ NAS ME1 Project Plan (Vers 4) Summary.pdf  →  42_from_work
  ✓ NAS Move Event Readiness Checklist.xls  →  42_from_work
  ✓ NAS ME1 Project Plan (Vers 6a).mpp  →  42_from_work
  ✓ NAS ME1 Project Plan (Vers 6).mpp  →  42_from_work
  ✓ NAS ME1 Master Inventory (Vers 3.14).xls  →  42_from_work
  ✓ NAS ME1 MOC Meeting Schedule.ppt  →  42_from_work
  ✓ NAS ME1 Inv Coord Green List.xls  →  42_from_work
  ✓ NAS ME1 Project Plan (Vers 5).mpp  →  42_from_work
  ✓ NAS ME1 Inventory Tracking Log Sheet.xls  →  42_from_work
  ✓ NAS Historical Timeline (Rev 2).xls  →  42_from_work
  ✗ FAIL: Move Schedule 10-02-06.doc
  ✓ NAS Historical Timeline Presentation (Rev).pdf  →  42_from_work
  ✓ Mover Meeting Kick-Off Meeting 10-02-06.doc  →  42_from_work
  ✓ NAS Advance Plan Presentation (Rev 3).ppt  →  42_from_work
  ✓ NAS Move Operations Center (MOC) Plan (Vers 1.0).DOC  →  42_from_work
  ✓ NAS Move Operations Center (MOC) Plan (Vers 2.0).DOC  →  42_from_work
  ✓ NAS Move Event Staff Schedule (Vers 1 0).xls  →  42_from_work
  ✓ NAS ME2 Project Plan (Vers 3).pdf  →  42_from_work
  ✓ NAS ME2 Project Plan (Vers 3).mpp  →  42_from_work
  ✓ NAS ME2 Inventory Tracking Log Sheet.xls  →  42_from_work
  ✓ NAS ME2 Inv Coord List (844 pm).xls  →  42_from_work
  ✓ NAS ME2 Inv Coord List.xls  →  42_from_work
  ✓ NAS ME2 Issue Log.xls  →  42_from_work
  ✓ NAS ME2 Master Inventory (Vers 3.16) Rev 1.xls  →  42_from_work
  ✓ Server Relocation Test Sign Off.doc  →  42_from_work
  ✓ Hosted User Meeting Info Document 08-14-06.doc  →  42_from_work
  ✓ Nextel Phone info for Staff.xls  →  42_from_work
  ✓ NAS Move Event Contact List (Vers 1 0).xls  →  42_from_work
  ✓ NAS Move Event Contact List (Vers 4.0).xls  →  42_from_work
  ✓ NAS Move Event Contact List (Vers 3.0).xls  →  42_from_work
  ✓ Application Owner Contact List 08-21-06.xls  →  42_from_work
  ✓ NAS Move Event Contact List (Vers 2.0).xls  →  42_from_work
  ✓ ITS Tele Ext and cell nos Oct 2006.doc  →  42_from_work
  ✓ Phone info for Staff.xls  →  42_from_work
  ✓ Network Contact list.xls  →  42_from_work
  ✓ Web Down ONPI DRAFT.doc  →  42_from_work
  ✓ Commuication Matrix 08-23-06.doc  →  42_from_work
  ✓ Communication Matrix 09-13-06.doc  →  42_from_work
  ✓ Downtime Matrix 09-08-06.doc  →  42_from_work
  ✓ Main Move Allstaff.doc  →  42_from_work
  ✓ NAS Relocation Change Management Process (Vers 1.0).doc  →  42_from_work
  ✓ NAS Change Management Responsibility Grid (Vers 1.0).xls  →  42_from_work
  ✓ ._.DS_Store  →  42_from_work
  ✓ .DS_Store  →  42_from_work
  ✓ TSM Stats - September 2011.xlsx  →  42_from_work
  ✓ GalaxyReport_BackupJobSummaryReport_10404_1315582610.html  →  42_from_work
  ✓ Legato Stats - September 2011.pdf  →  42_from_work
  ✓ NRC3670 Disk Space - September 2011.xlsx  →  42_from_work
  ✓ Tivoli Space by Node - September 2011.xlsx  →  42_from_work
  ✓ Tivoli Hosted Space - September 2011.xlsx  →  42_from_work
  ✓ Tivoli Backup Space by Storage Pool - September 2011.xlsx  →  42_from_work
  ✓ Client Summary Dec-5-2010 - Jan-5-2011.pdf  →  42_from_work
  ✓ Tivoli Hosted Space - November.xlsx  →  42_from_work
  ✓ COT_PM  NCC Source Data Inventory-Naming Convention and Formats.ZIP  →  42_from_work
  ✓ netiq_mem_1_4_2011-w-Exclusion-format.xls  →  42_from_work
  ✓ HostServers  ---  2010 November   .xlsx  →  42_from_work
  ✓ location and count - 2010 09-updated with Andover  .xls  →  42_from_work
  ✓ netiq_cpu_1_4_2011-w-exclusion-format.xls  →  42_from_work
  ✓ DMX and Clariion Space Report -2011-1-7-updated.xlsx  →  42_from_work
  ✓ Tivoli Stats_November.xlsx  →  42_from_work
  ✓ Foreseer Power Report 11011.txt  →  42_from_work
  ✓ Tivoli Stats.xlsx  →  42_from_work
  ✓ networker_stats.pdf  →  42_from_work
  ✓ Tivoli Hosted Space - November-----detail info used to generate the HostServer Summary - only summary required.xlsx  →  42_from_work
  ✗ FAIL: Volumes_Below_20_Percent_1_4_2011.xls
  ✓ GalaxyReport_BackupJobSummaryReport_48588_1294674295.html  →  42_from_work
  ✓ GalaxyReport_BackupJobSummaryReport_17236_1323444772.html  →  42_from_work
  ✓ Tivoli Space by Node - December 2011.xlsx  →  42_from_work
  ✓ TSM Stats -December 2011.xlsx  →  42_from_work
  ✓ Tivoli Backup Space by Storage Pool - December 2011.xlsx  →  42_from_work
  ✓ Tivoli Hosted Space - December 2011.xlsx  →  42_from_work
  ✓ TSM Stats - October 2011.xlsx  →  42_from_work
  ✓ Tivoli Hosted Space - October 2011.xlsx  →  42_from_work
  ✓ Tivoli Backup Space by Storage Pool - October 2011.xlsx  →  42_from_work
  ✓ GalaxyReport_BackupJobSummaryReport_10832_1318000927.html  →  42_from_work
  ✓ Tivoli Space by Node - October 2011.xlsx  →  42_from_work
  ✓ NRC3670 Disk Space - October 2011.xlsx  →  42_from_work
  ✓ Legato Stats.pdf  →  42_from_work
  ✓ Tivoli Space by Node - May 2011.xlsx  →  42_from_work
  ✓ Tivoli Hosted Space - May 2011.xlsx  →  42_from_work
  ✓ NRC3670 Disk Space - May 2011.xlsx  →  42_from_work
  ✓ Tivoli Backup Space by Storage Pool - May 2011.xlsx  →  42_from_work
  ✓ GalaxyReport_BackupJobSummaryReport_8524_1304531704.html  →  42_from_work
  ✓ TSM Stats - May 2011.xls  →  42_from_work
  ✓ Client Summary by Client - May 2011.pdf  →  42_from_work
  ✓ TSM Stats - May 2012.xlsx  →  42_from_work
  ✓ Tivoli Space by Node - May 2012.xlsx  →  42_from_work
  ✓ GalaxyReport_BackupJobSummaryReport_31288_1339165017.html  →  42_from_work
  ✓ Tivoli Hosted Space - May 2012.xlsx  →  42_from_work
  ✓ Tivoli Backup Space by Storage Pool - May 2012.xlsx  →  42_from_work
  ✓ Tivoli Backup Space by Storage Pool - March 2011.xlsx  →  42_from_work
  ✓ GalaxyReport_BackupJobSummaryReport_26080_1299163654.html  →  42_from_work
  ✓ NRC3670 Disk Space - March 2011.xlsx  →  42_from_work
  ✓ Tivoli Space by Node - March 2011.xlsx  →  42_from_work
  ✓ Networker Stats March 1 2010.pdf  →  42_from_work
  ✓ Tivoli Hosted Space - March 2011.xlsx  →  42_from_work
  ✓ TSM Stats.xlsx  →  42_from_work
  ✓ TSM Stats - March 2012.xlsx  →  42_from_work
  ✓ GalaxyReport_BackupJobSummaryReport_17468_1334604968.html  →  42_from_work
  ✓ Tivoli Hosted Space - March 2012.xlsx  →  42_from_work
  ✓ Tivoli Space by Node - March 2012.xlsx  →  42_from_work
  ✓ Tivoli Backup Space by Storage Pool - March 2012.xlsx  →  42_from_work
  ✓ NRC3670 Disk Space - July 2011.xlsx  →  42_from_work
  ✓ GalaxyReport_BackupJobSummaryReport_8880_1310133059.html  →  42_from_work
  ✓ Tivoli Hosted Space - July 2011.xlsx  →  42_from_work
  ✓ Tivoli Space by Node - July 2011.xlsx  →  42_from_work
  ✓ Tivoli Backup Space by Storage Pool - July 2011.xlsx  →  42_from_work
  ✓ TSM Stats - July 2011.xlsx  →  42_from_work
  ✓ Client Summary by Client - July 2011.pdf  →  42_from_work
  ✓ Tivoli Hosted Space - January 2012.xlsx  →  42_from_work
  ✓ Tivoli Backup Space by Storage Pool - January 2012.xlsx  →  42_from_work
  ✓ GalaxyReport_BackupJobSummaryReport_484_1328299562.html  →  42_from_work
  ✓ TSM Stats - January 2012.xlsx  →  42_from_work
  ✓ Tivoli Space by Node -January 2012.xlsx  →  42_from_work
  ✓ TSM Storage by Node - Janury 7th 2011.xlsx  →  42_from_work
  ✓ Tivoli Stats.xls  →  42_from_work
  ✓ NRC3670 Disk Space.xlsx  →  42_from_work
  ✓ NRC3670 Disk Space_1_28_2011.xlsx  →  42_from_work
  ✓ Tivoli Stats_January.xls  →  42_from_work
  ✓ Networker Stats.pdf  →  42_from_work
  ✓ QOCC.TXT  →  42_from_work
  ✓ GalaxyReport_BackupJobSummaryReport_48588_1294674295.html  →  42_from_work
  ✓ Tivoli Hosted Space - January.xlsx  →  42_from_work
  ✓ Tivoli Backup Space by Storage Pool - January 7 2011.xlsx  →  42_from_work
  ✓ QEV_JAN.TXT  →  42_from_work
  ✓ TSM Storage by Node - Janury 28th 2011.xlsx  →  42_from_work
  ✓ Tivoli Hosted Space - January 2012.xlsx  →  42_from_work
  ✓ Tivoli Space by Node - January 2012.xlsx  →  42_from_work
  ✓ Tivoli Backup Space by Storage Pool - January 2012.xlsx  →  42_from_work
  ✓ TSM Stats -January 2012.xlsx  →  42_from_work
  ✓ GalaxyReport_BackupJobSummaryReport_6848_1325864279.html  →  42_from_work
  ✓ GalaxyReport_BackupJobSummaryReport_5984_1331308887.html  →  42_from_work
  ✓ TSM Stats - Febuary 2012.xlsx  →  42_from_work
  ✓ Tivoli Hosted Space - Febuary 2012.xlsx  →  42_from_work
  ✓ Tivoli Backup Space by Storage Pool - Febuary 2012.xlsx  →  42_from_work
  ✓ Tivoli Space by Node -Febuary 2012.xlsx  →  42_from_work
  ✓ GalaxyReport_BackupJobSummaryReport_12224_1307113453.html  →  42_from_work
  ✓ Networker Stats - June 2011.pdf  →  42_from_work
  ✓ NRC3670 Disk Space - June 2011.xlsx  →  42_from_work
  ✓ Tivoli Hosted Space - June 2011.xlsx  →  42_from_work
  ✓ TSM Stats June 2011.xlsx  →  42_from_work
  ✓ Tivoli Backup Space by Storage Pool - June 2011.xlsx  →  42_from_work
  ✓ netiq_cpu_6_7_2011-w-exclusion-format.xls  →  42_from_work
  ✓ Tivoli Space by Node - June 2011.xlsx  →  42_from_work
  ✓ Volumes_Below_20_Percent_6_7_2011.xls  →  42_from_work
  ✓ netiq_mem_6_7_2011-w-Exclusion-format.xls  →  42_from_work
  ✓ Tivoli Backup Space by Storage Pool - June 2012.xlsx  →  42_from_work
  ✓ Tivoli Hosted Space - June 2012.xlsx  →  42_from_work
  ✓ Tivoli Space by Node - June 2012.xlsx  →  42_from_work
  ✓ TSM Stats - June 2012.xlsx  →  42_from_work
  ✓ GalaxyReport_BackupJobSummaryReport_24216_1341327794.html  →  42_from_work
  ✓ NRC3670 Disk Space - Feburary 20111.xlsx  →  42_from_work
  ✓ Tivoli Hosted Space - Feburary 2011.xlsx  →  42_from_work
  ✓ GalaxyReport_BackupJobSummaryReport_36456_1296587668.html  →  42_from_work
  ✓ Networker Stats Jan1 - Feb 1 2011.pdf  →  42_from_work
  ✓ Tivoli Space by Storage Node - Feburary 2011.xlsx  →  42_from_work
  ✓ TSM Stats - Feburary 2011.xlsx  →  42_from_work
  ✓ Tivoli Backup Space by Storage Pool - Feburary 2011.xlsx  →  42_from_work
  ✓ Tivoli Hosted Space - August 2011.xlsx  →  42_from_work
  ✓ ~$Tivoli Backup Space by Storage Pool - August 2011.xlsx  →  42_from_work
  ✓ Tivoli Backup Space by Storage Pool - August 2011.xlsx  →  42_from_work
  ✓ ~$NRC3670 Disk Space - August 2011.xlsx  →  42_from_work
  ✓ NRC3670 Disk Space - August 2011.xlsx  →  42_from_work
  ✓ TSM Stats - August 2011.xlsx  →  42_from_work
  ✓ ~$Tivoli Hosted Space - August 2011.xlsx  →  42_from_work
  ✓ Tivoli Space by Node - August 2011.xlsx  →  42_from_work
  ✓ Legato Stats - August 2011.pdf  →  42_from_work
  ✓ ~$Tivoli Space by Node - August 2011.xlsx  →  42_from_work
  ✓ GalaxyReport_BackupJobSummaryReport_44128_1312386806.html  →  42_from_work
  ✓ TSM Stats April 2011.xlsx  →  42_from_work
  ✓ Group Client Summary April 2011.pdf  →  42_from_work
  ✓ Tivoli Hosted Space - April 2011.xlsx  →  42_from_work
  ✓ Tivoli Space by Node - April 2011.xlsx  →  42_from_work
  ✓ Tivoli Backup Space by Storage Pool - April 2011.xlsx  →  42_from_work
  ✓ GalaxyReport_BackupJobSummaryReport_April_2011.html  →  42_from_work
  ✓ NRC3670 Disk Space - April 2011.xlsx  →  42_from_work
  ✓ Tivoli Backup Space by Storage Pool - Octobor 12 2010.xlsx  →  42_from_work
  ✓ Client Summary - Feb 2010.pdf  →  42_from_work
  ✓ Tivoli Backup Space by Storage Pool - July 20th 2010.xlsx  →  42_from_work
  ✓ Group Summary by Client and Server Dec 1 2009 - Jan 5 2010.pdf  →  42_from_work
  ✓ Client Summary - November 10 2010.csv  →  42_from_work
  ✓ Tivoli Backup Space by Node - April 28th 2010.xlsx  →  42_from_work
  ✓ Tivoli Backup Space by Storage Pool - November 09 2010.xlsx  →  42_from_work
  ✓ Client Summary June 2010.pdf  →  42_from_work
  ✓ Tivoli Backup Space by Storage Pool - September 15 2009.xlsx  →  42_from_work
  ✓ Tivoli Backup Space by Storage Pool - Feburary 1 2010.xlsx  →  42_from_work
  ✓ Tivoli Backup Space by Storage Pool - April 1-29 2009.xls  →  42_from_work
  ✓ Tivoli Backup Space By Node - May 1 -31 2009.xls  →  42_from_work
  ✓ Group Summary by Client and Server June 2010.pdf  →  42_from_work
  ✓ Client Summary July 27th 2010.pdf  →  42_from_work
  ✓ Group Summary by Client and Server July 20th 2010.pdf  →  42_from_work
  ✓ Group Summary by Client and Server March 01-31 09.pdf  →  42_from_work
  ✓ Tivoli Backup Space by Node - November 09 2010.xlsx  →  42_from_work
  ✓ Tivoli Backup Space by Storage Pool - March 31 09.xls  →  42_from_work
  ✓ TSM_SPACE.xls  →  42_from_work
  ✓ Tivoli Space by Node Feburary 1st 2010.xlsx  →  42_from_work
  ✓ sg246148.pdf  →  42_from_work
  ✓ ._anrwgd55.pdf  →  42_from_work
  ✓ ._.DS_Store  →  42_from_work
  ✓ anrwgd55.pdf  →  42_from_work
  ✓ Creating_a_Simple_Blog_Part_1.pdf  →  42_from_work
  ✓ The Web Book-A4-HM.pdf  →  42_from_work
  ✓ .DS_Store  →  42_from_work
  ✓ ._The Web Book-A4-HM.pdf  →  42_from_work
  ✓ Linux-101-Hacks.pdf  →  42_from_work
  ✓ Windows Server 2008 Security Guide.zip  →  42_from_work
  ✓ Creating_a_Simple_Blog_Part_3.pdf  →  42_from_work
  ✓ AdminGuide.pdf  →  42_from_work
  ✓ Creating_a_Simple_Blog_Part_2.pdf  →  42_from_work
  ✓ Part 1 - How to Design a WordPress Theme.pdf  →  42_from_work
  ✓ 185.png  →  42_from_work
  ✓ 080.png  →  42_from_work
  ✓ 087.png  →  42_from_work
  ✓ 176.png  →  42_from_work
  ✓ 111.png  →  42_from_work
  ✓ 103.png  →  42_from_work
  ✓ 094.png  →  42_from_work
  ✓ 184.png  →  42_from_work
  ✓ 052.png  →  42_from_work
  ✓ 091.png  →  42_from_work
  ✓ 161.png  →  42_from_work
  ✓ 206.png  →  42_from_work
  ✓ 152.png  →  42_from_work
  ✓ 058.png  →  42_from_work
  ✓ 108.png  →  42_from_work
  ✓ 181.png  →  42_from_work
  ✓ 133.png  →  42_from_work
  ✓ 116.png  →  42_from_work
  ✓ 090.png  →  42_from_work
  ✓ 154.png  →  42_from_work
  ✓ wrath.psd  →  42_from_work
  ✓ US ARMY FM 21-150 - Hand To Hand Combat.pdf  →  42_from_work
  ✓ Secret Guide To Making Ninja Weapons part3.pdf  →  42_from_work
  ✓ US ARMY FM 31-21 - Guerrilla Warfare & Special Forces Ops.pdf  →  42_from_work
  ✓ US Army GTA 08-05-062 - Guide to Staying Healthy.pdf  →  42_from_work
  ✓ Boat Projects - Canoe.pdf  →  42_from_work
  ✓ Anti terrorism survival bible 2.pdf  →  42_from_work
  ✓ Secret Guide To Making Ninja Weapons Part1.pdf  →  42_from_work
  ✓ US Army Ranger Handbook.pdf  →  42_from_work
  ✓ US ARMY FM 31-70 - Basic Cold Weather Survival Manual.pdf  →  42_from_work
  ✓ US Army course - Combat Survival.pdf  →  42_from_work
  ✓ US ARMY FM 21-76 - Survival, Evasion & Escape.pdf  →  42_from_work
  ✓ Small Wind Energy Systems for the Homeowner.pdf  →  42_from_work
  ✓ US ARMY FM 3-06 - Urban Operations.pdf  →  42_from_work
  ✓ Practical Straw Bale Building - M Hollis.pdf  →  42_from_work
  ✓ US Marine Corps MWTC - Wilderness Medicine Course.pdf  →  42_from_work
  ✓ Shelter_Shed.pdf  →  42_from_work
  ✓ Secrets of the Ninja - Kim, Ashida.pdf  →  42_from_work
  ✓ NORTHERN Wilderness Cookbook I 2004.pdf  →  42_from_work
  ✓ Basic Cold Weather Survival Manual FM 31-70.pdf  →  42_from_work
  ✓ fema - wood gas generator.pdf  →  42_from_work
  ✓ DSCN1676.JPG  →  42_from_work
  ✓ DSCN1708.JPG  →  42_from_work
  ✓ DSCN1704.JPG  →  42_from_work
  ✓ DSCN1695.JPG  →  42_from_work
  ✓ DSCN1692.JPG  →  42_from_work
  ✓ DSCN1706.JPG  →  42_from_work
  ✓ DSCN1693.JPG  →  42_from_work
  ✓ DSCN1685.JPG  →  42_from_work
  ✓ DSCN1694.JPG  →  42_from_work
  ✓ DSCN1709.JPG  →  42_from_work
  ✓ DSCN1696.JPG  →  42_from_work
  ✓ DSCN1701.JPG  →  42_from_work
  ✓ DSCN1688.JPG  →  42_from_work
  ✓ DSCN1675.JPG  →  42_from_work
  ✓ DSCN1678.JPG  →  42_from_work
  ✓ DSCN1689.JPG  →  42_from_work
  ✓ DSCN1705.JPG  →  42_from_work
  ✓ DSCN1710.MOV  →  42_from_work
  ✓ DSCN1697.JPG  →  42_from_work
  ✓ DSCN1702.JPG  →  42_from_work
  ✓ LiveVault Restorable Data Version Update for the policy DCC - DAOPS - DATA F Drive  - United States Small Business Administration.msg  →  42_from_work
  ✓ Dain Bently- FEB.xlsx  →  42_from_work
  ✓ epelpdf.pdf  →  42_from_work
  ✓ bullets.txt  →  42_from_work
  ✓ ITS Tele Ext and cell nos May 2012.doc  →  42_from_work
  ✓ elstmt_1-7-2017.pdf  →  42_from_work
  ✓ FY_2016_Quarter_2_Review-DAIN_BENTLEY.pdf  →  42_from_work
  ✓ FW SQL Server config questions.msg  →  42_from_work
  ✓ Navient Jul 04, 2017.pdf  →  42_from_work
  ✓ leave_09_02_15.pdf  →  42_from_work
  ✓ Telework Agreement Jun 21, 2016, 15  →  42_from_work
  ✓ Dain Bently- Cycle 1 Phase 2 4WK-JAN.xlsx  →  42_from_work
  ✓ Dain Bentley DD-214.pdf  →  42_from_work
  ✓ opm630a.pdf  →  42_from_work
  ✓ Bentley.pdf  →  42_from_work
  ✓ RE File server auditing.msg  →  42_from_work
  ✓ Dain Bently- MAR.xlsx  →  42_from_work
  ✓ Dain Bently- APRIL.xlsx  →  42_from_work
  ✓ Portal Reboot Order.txt  →  42_from_work

--- 1bYmkYFi7Yy9BcQUN69TIr8mLrSakwP5B → 74_duplicates ---
  ✓ 2021 Vehicle Registration .pdf  →  74_duplicates
  ✓ IRS 2848 Oct 08 2021.pdf  →  74_duplicates
  ✓ Thank you for your payment!.pdf  →  74_duplicates
  ✓ IRS2448_Signed.pdf  →  74_duplicates
  ✓ USAA_RECEIPT_SHARE92B84590-7A96-4563-99B0-17038BBAB67A.pdf  →  74_duplicates
  ✓ USAA_RECEIPT_SHARE10BFC198-39D4-4294-8F83-A35A04CC3657.pdf  →  74_duplicates
  ✓ coinbase_card_metabank_cardholder_agreement.pdf  →  74_duplicates

--- 1Tq1PmtTnRN8blr0K5bHwkdtrfLiwP29Q → gov_va ---
  ✓ Dains Post 9-11 GI Bill Eligibility.pdf  →  gov_va
  ✓ Doc Apr 23, 2018, 10_16.pdf  →  gov_va

--- 1s2o155v6th5iFCI-_MVyhSl0tMPBmaQO → gov_state_va ---
  ✓ 2018-08-14 11-02-06-1.txt  →  gov_state_va
  ✓ SP-248 Concealed Handgun Permit Application rev 10-1-17 edits 1.pdf  →  gov_state_va
  ✓ Doc Apr 23, 2018, 10_18.pdf  →  gov_state_va

--- 1YUYuWoBXggzY7lanu7wgOKXrHDb7LQat → 73_archive ---
  ✓ RSR.docx  →  73_archive
  ✓ Bulgarian_Manual-4-1.pdf  →  73_archive
  ✓ Dain Bently- Feb.xlsx  →  73_archive
  ✓ 2017 CHFP FAQ's.docx  →  73_archive
  ✓ Dain Bently- Jan.xlsx  →  73_archive
  ✓ Dain Bently- August-1.xlsx  →  73_archive
  ✓ Dain Bently- August Week 1.xlsx  →  73_archive
  ✓ stronglifts-5x5-lb.xls  →  73_archive
  ✓ Chinese-WL-Technical-Mastery-and-Training.pdf  →  73_archive
  ✓ Bulgarian_Manual-4.pdf  →  73_archive
  ✓ Dain Bently- November.xlsx  →  73_archive
  ✓ SF 50 4-25-2015.pdf  →  73_archive
  ✓ Dain Bently- August.xlsx  →  73_archive
  ✓ 2017 Warm-Up and Mobility Cheat Sheet, Things You Need to Know 1.docx  →  73_archive
  ✓ 27504212841-556097272-ticket.pdf  →  73_archive
  ✓ document.pdf  →  73_archive
  ✓ eat_to_perform.pdf  →  73_archive
  ✓ Dain Bently- MAR.xlsx  →  73_archive
  ✓ Dain Bently- MAY.xlsx  →  73_archive
  ✓ Copy of Karas-9-Weeks-of-Heaven.xlsx  →  73_archive

--- 1s40mD9KbQ2EoKL_OER-bxNKbX4eBooPj → 74_duplicates ---
  ✓ 2017 CHFP FAQ's.docx  →  74_duplicates
  ✓ 3PAR Concepts Guide 3.1.2.pdf  →  74_duplicates
  ✓ Amazon Credit.docx  →  74_duplicates
  ✓ NOVA Pain And Rehab Jul 04, 2017.pdf  →  74_duplicates
  ✓ 2017 Warm-Up and Mobility Cheat Sheet, Things You Need to Know.docx  →  74_duplicates
  ✓ Telework Agreement Jun 21, 2016, 15_09.pdf  →  74_duplicates

--- 1X_8fmEcJToyCmDA6iC3Lbiq4KpMhe8uv → 61_vacations ---
  ✓ Hersheypark __ Order Confirmation.pdf  →  61_vacations

=== Government subfolders ===

--- Gov/eOPF → gov_opm ---
  ✓ SF50-2025-09-16 (6).pdf  →  gov_opm
  ✓ SF50-2025-09-16 (5).pdf  →  gov_opm
  ✓ SF50-2025-09-16 (4).pdf  →  gov_opm
  ✓ SF50-2025-09-16 (3).pdf  →  gov_opm
  ✓ SF50-2025-09-16 (2).pdf  →  gov_opm
  ✓ SF50-2025-09-16 (1).pdf  →  gov_opm
  ✓ eOPF_Combined_2025-10-1_password_removed.pdf  →  gov_opm
  ✓ eOPF_Combined_2025-10-3_password_removed.pdf  →  gov_opm
  ✓ eOPF_Combined_2025-10-3.pdf  →  gov_opm
  ✓ SF50-10-1-25 (1).pdf  →  gov_opm
  ✓ SF50-09-16-25 (1).pdf  →  gov_opm
  ✓ SF50-09-30-25 (1).pdf  →  gov_opm
  ✓ SF50-10-1-25.pdf  →  gov_opm
  ✓ SF50-09-16-25.pdf  →  gov_opm
  ✓ SF50-09-30-25.pdf  →  gov_opm
  ✓ eOPF_Combined_2025-10-1.pdf  →  gov_opm
  ✓ SF50-2025-09-16.pdf  →  gov_opm
  ✓ SF50-2025-09-30.pdf  →  gov_opm
  ✓ SF50-2025-10-1.pdf  →  gov_opm
  ✓ eOPF_Combined_08-25-2024.pdf  →  gov_opm

--- Gov/LES → gov_les ---
  ✓ 2026-PP02.pdf  →  gov_les
  ✓ 2026-PP01.pdf  →  gov_les
  ✓ 2025-PP26.pdf  →  gov_les
  ✗ FAIL: 2025-PP18.pdf
  ✓ 2025-PP17.pdf  →  gov_les
  ✓ 2025-PP16.pdf  →  gov_les
  ✓ 2025-PP11.pdf  →  gov_les
  ✓ 2025-PP12.pdf  →  gov_les
  ✓ 2025-PP13.pdf  →  gov_les
  ✓ 2025-PP14.pdf  →  gov_les
  ✓ 2025-PP15.pdf  →  gov_les
  ✓ 2025-PP10.pdf  →  gov_les
  ✓ 2025-PP9.pdf  →  gov_les
  ✓ 2025-PP8.pdf  →  gov_les
  ✓ 2025-PP7.pdf  →  gov_les
  ✓ 2025-PP6.pdf  →  gov_les
  ✓ 2025-PP5.pdf  →  gov_les
  ✓ 2025-PP4.pdf  →  gov_les
  ✓ 2025-PP3.pdf  →  gov_les
  ✓ 2025-PP2.pdf  →  gov_les

--- Gov/Resumes → gov_resume ---
  ✓ Dain Bentley IT Spec Data Management 604674200 Federal Resume.docx  →  gov_resume
  ✓ Dain Bentley Master Federal Resume.docx  →  gov_resume

--- Gov/DoJ → gov_doj ---
  ✓ SF50-2025-01-11 (1).pdf  →  gov_doj
  ✓ FY25 - Bentley Dain-Performance Work Plan-AnnualCloseout-Signed (1).pdf  →  gov_doj
  ✓ FY25 - Bentley Dain-Performance Work Plan-AnnualCloseout-Signed.pdf  →  gov_doj
  ✓ sf15-filled.pdf  →  gov_doj
  ✓ sf15.pdf  →  gov_doj
  ✓ OIT - Bentley Dain - PWP - FY21-MidYear-Signed.pdf  →  gov_doj
  ✓ SF50_09_2018.pdf  →  gov_doj
  ✓ loyalty_0918.pdf  →  gov_doj
  ✓ OIT Bentley Dain Annual FY19-Signed.pdf  →  gov_doj
  ✓ OIT Bentley Dain-Mid-Year.pdf  →  gov_doj
  ✓ OIT Bentley Dain.pdf  →  gov_doj
  ✓ Gmail - Your Account Information.pdf  →  gov_doj
  ✓ loyalty.pdf  →  gov_doj
  ✓ To whom it may concern.docx  →  gov_doj
  ✓ Cash Award 2021.pdf  →  gov_doj
  ✓ Security Agreement.pdf  →  gov_doj
  ✓ Payment Confirmation _ USAA(1).pdf  →  gov_doj
  ✓ Cash Award 2020 (2).pdf  →  gov_doj
  ✓ ecorrespondence449194068.pdf  →  gov_doj
  ✓ Bentley, D PP23.pdf  →  gov_doj
  ✓ GS14-job.pdf  →  gov_doj

--- Gov/IRS → gov_irs ---
  ✓ IRS Account payment 4-28.pdf  →  gov_irs
  ✓ IRS Account.pdf  →  gov_irs
  ✓ f433d.pdf  →  gov_irs

--- Gov/VA → gov_va ---
  ✓ VA Direct Depost Change.pdf  →  gov_va
  ✓ trauma services.txt  →  gov_va
  ✓ white_contact.txt  →  gov_va
  ✓ Dains Post 9-11 GI Bill Eligibility.pdf  →  gov_va
  ✓ vha-10-10ezr-fill.pdf  →  gov_va
  ✓ Proof_of_Creditable_Prescription_Drug_Coverage_Letter_09042019.pdf  →  gov_va
  ✓ Proof_of_Service_Letter_09042019.pdf  →  gov_va
  ✓ Doc Apr 23, 2018, 10_16.pdf  →  gov_va
  ✓ ngt-64996-certificate.pdf  →  gov_va
  ✓ Benefit_Summary_Letter_09042019.pdf  →  gov_va
  ✓ VA records May 01, 2019, 15_46.pdf  →  gov_va
  ✓ Service_Verification_Letter_09042019.pdf  →  gov_va
  ✓ Benefit_Verification_Letter_09042019-1.pdf  →  gov_va
  ✓ Civil_Service_Preference_Letter_09042019.pdf  →  gov_va
  ✓ VA 10-10 EZR.pdf  →  gov_va

--- Gov/FAR → 42_from_work ---
  ✓ FAR.pdf  →  42_from_work

--- Gov/Virginia → gov_state_va ---
  ✓ 74_49307259_223_1771568322_1771570372.pdf  →  gov_state_va
  ✓ Notary Certification.pdf  →  gov_state_va
  ✓ Fucking Ripoff ticket 1-29-2025.pdf  →  gov_state_va
  ✓ Virginia Department of Motor Vehicles 2024 _ dmvNOW.pdf  →  gov_state_va
  ✗ FAIL: AutoInsuranceIdCards_2024.pdf
  ✓ VA-COI-P1-3-Phys-Dam-1.pdf  →  gov_state_va
  ✓ Capture.PNG  →  gov_state_va
  ✓ 2021 Vehicle Registration .pdf  →  gov_state_va
  ✓ Capture.JPG  →  gov_state_va
  ✓ 22-12-12 16-21-01 1386.jpg  →  gov_state_va
  ✓ insurhace.JPG  →  gov_state_va
  ✓ 2019-11-07 05-08-39-1.pdf  →  gov_state_va
  ✓ 2019-11-07 06-15-13-1.jpg  →  gov_state_va
  ✓ Capture.GIF  →  gov_state_va
  ✓ 6206 redins drive lincense.aspx  →  gov_state_va
  ✓ VW.pdf  →  gov_state_va
  ✓ Gmail - Auto Insurance Confirmation.pdf  →  gov_state_va
  ✓ VA_Jetta_registration-2022.pdf  →  gov_state_va
  ✓ 2019-11-04 14-06-14-1.pdf  →  gov_state_va
  ✓ Registration.pdf  →  gov_state_va
  ✓ 2019-11-07 06-15-53-1.pdf  →  gov_state_va
  ✓ 2019-11-05 12-54-37-1.jpg  →  gov_state_va
  ✓ AutoInsuranceIdCards.pdf  →  gov_state_va
  ✓ Fairfax County Fucking Car Tax Taxes - 2024.pdf  →  gov_state_va
  ✓ Fairfax County Property Taxes - 2018.pdf  →  gov_state_va
  ✓ Fairfax County Personal Property 2019 Successful Payment Receipt.pdf  →  gov_state_va
  ✓ DCR199-036_filledout.pdf  →  gov_state_va
  ✓ regist_receipt.pdf  →  gov_state_va
  ✓ SP-248 Concealed Handgun Permit Application Rev 07-16-2020 (3).pdf  →  gov_state_va
  ✓ Doc May 07-2021-1541.pdf  →  gov_state_va
  ✓ Fairfax County POlice report - 5-31-2022.txt  →  gov_state_va

--- Gov/FAFSA → gov_student_loan ---
  ✓ PSLF Application for Forgiveness.pdf  →  gov_student_loan

=== Drive root loose files ===
  ✓ SF50-10-1-25 (1).pdf  →  gov_opm
  ✓ SF50-09-16-25 (1).pdf  →  gov_opm
  ✓ SF50-09-30-25 (1).pdf  →  gov_opm
  ✗ FAIL: SF50-10-1-25.pdf
  ✓ SF50-09-16-25.pdf  →  gov_opm
  ✓ SF50-09-30-25.pdf  →  gov_opm
  ✓ C. Bentley AIP 2025-2026.docx.pdf  →  21_charlotte

=== DONE: 2026-02-28 15:26:37.121674 ===
Success: 1138  Failed: 11
