Found 163 AD-334 files

✓ [1/163] Form AD-334, Statement of Earnings and Leave PP01.pdf
✓ [2/163] Form AD-334, Statement of Earnings and Leave PP01_2017.pdf
✓ [3/163] Form AD-334, Statement of Earnings and Leave PP01_2018.pdf
✓ [4/163] Form AD-334, Statement of Earnings and Leave PP01_2020.pdf
✓ [5/163] Form AD-334, Statement of Earnings and Leave PP02.pdf
✓ [6/163] Form AD-334, Statement of Earnings and Leave PP02_2017.pdf
✓ [7/163] Form AD-334, Statement of Earnings and Leave PP02_2018.pdf
✓ [8/163] Form AD-334, Statement of Earnings and Leave PP03.pdf
✓ [9/163] Form AD-334, Statement of Earnings and Leave PP03_2017.pdf
✓ [10/163] Form AD-334, Statement of Earnings and Leave PP03_2018.pdf
✓ [11/163] Form AD-334, Statement of Earnings and Leave PP04.pdf
✓ [12/163] Form AD-334, Statement of Earnings and Leave PP04_2017.pdf
✓ [13/163] Form AD-334, Statement of Earnings and Leave PP04_2018.pdf
✓ [14/163] Form AD-334, Statement of Earnings and Leave PP05.pdf
✓ [15/163] Form AD-334, Statement of Earnings and Leave PP05_2017.pdf
✓ [16/163] Form AD-334, Statement of Earnings and Leave PP05_2018.pdf
✓ [17/163] Form AD-334, Statement of Earnings and Leave PP06.pdf
✓ [18/163] Form AD-334, Statement of Earnings and Leave PP06_2017.pdf
✓ [19/163] Form AD-334, Statement of Earnings and Leave PP06_2018.pdf
✓ [20/163] Form AD-334, Statement of Earnings and Leave PP07.pdf
✓ [21/163] Form AD-334, Statement of Earnings and Leave PP07_2017.pdf
✓ [22/163] Form AD-334, Statement of Earnings and Leave PP07_2018.pdf
✓ [23/163] Form AD-334, Statement of Earnings and Leave PP08.pdf
✓ [24/163] Form AD-334, Statement of Earnings and Leave PP08_2017.pdf
✓ [25/163] Form AD-334, Statement of Earnings and Leave PP08_2018.pdf
✓ [26/163] Form AD-334, Statement of Earnings and Leave PP09.pdf
✓ [27/163] Form AD-334, Statement of Earnings and Leave PP09_2017.pdf
✓ [28/163] Form AD-334, Statement of Earnings and Leave PP09_2018.pdf
✓ [29/163] Form AD-334, Statement of Earnings and Leave PP10.pdf
✓ [30/163] Form AD-334, Statement of Earnings and Leave PP10_2017.pdf
✓ [31/163] Form AD-334, Statement of Earnings and Leave PP10_2018.pdf
✓ [32/163] Form AD-334, Statement of Earnings and Leave PP11.pdf
✓ [33/163] Form AD-334, Statement of Earnings and Leave PP11_2017.pdf
✓ [34/163] Form AD-334, Statement of Earnings and Leave PP11_2018.pdf
✓ [35/163] Form AD-334, Statement of Earnings and Leave PP12.pdf
✓ [36/163] Form AD-334, Statement of Earnings and Leave PP12_2017.pdf
✓ [37/163] Form AD-334, Statement of Earnings and Leave PP12_2018.pdf
✓ [38/163] Form AD-334, Statement of Earnings and Leave PP13.pdf
✓ [39/163] Form AD-334, Statement of Earnings and Leave PP13_2017.pdf
✓ [40/163] Form AD-334, Statement of Earnings and Leave PP13_2018.pdf
✓ [41/163] Form AD-334, Statement of Earnings and Leave PP14.pdf
✓ [42/163] Form AD-334, Statement of Earnings and Leave PP14_2017.pdf
✓ [43/163] Form AD-334, Statement of Earnings and Leave PP14_2018.pdf
✓ [44/163] Form AD-334, Statement of Earnings and Leave PP15.pdf
✓ [45/163] Form AD-334, Statement of Earnings and Leave PP15_2017.pdf
✓ [46/163] Form AD-334, Statement of Earnings and Leave PP15_2018.pdf
✓ [47/163] Form AD-334, Statement of Earnings and Leave PP16.pdf
✓ [48/163] Form AD-334, Statement of Earnings and Leave PP16_2017.pdf
✓ [49/163] Form AD-334, Statement of Earnings and Leave PP16_2018.pdf
✓ [50/163] Form AD-334, Statement of Earnings and Leave PP17.pdf
✓ [51/163] Form AD-334, Statement of Earnings and Leave PP17_2017.pdf
✓ [52/163] Form AD-334, Statement of Earnings and Leave PP17_2018.pdf
✓ [53/163] Form AD-334, Statement of Earnings and Leave PP18.pdf
✓ [54/163] Form AD-334, Statement of Earnings and Leave PP18_2017.pdf
✓ [55/163] Form AD-334, Statement of Earnings and Leave PP18_2018.pdf
✓ [56/163] Form AD-334, Statement of Earnings and Leave PP19.pdf
✓ [57/163] Form AD-334, Statement of Earnings and Leave PP19_2017.pdf
✓ [58/163] Form AD-334, Statement of Earnings and Leave PP19_2018.pdf
✓ [59/163] Form AD-334, Statement of Earnings and Leave PP20.pdf
✓ [60/163] Form AD-334, Statement of Earnings and Leave PP20_2017.pdf
✓ [61/163] Form AD-334, Statement of Earnings and Leave PP20_2018.pdf
✓ [62/163] Form AD-334, Statement of Earnings and Leave PP21.pdf
✓ [63/163] Form AD-334, Statement of Earnings and Leave PP21_2017.pdf
✓ [64/163] Form AD-334, Statement of Earnings and Leave PP21_2018.pdf
✓ [65/163] Form AD-334, Statement of Earnings and Leave PP22.pdf
✓ [66/163] Form AD-334, Statement of Earnings and Leave PP22_2017.pdf
✓ [67/163] Form AD-334, Statement of Earnings and Leave PP22_2018.pdf
✓ [68/163] Form AD-334, Statement of Earnings and Leave PP23.pdf
✓ [69/163] Form AD-334, Statement of Earnings and Leave PP23_2017.pdf
✓ [70/163] Form AD-334, Statement of Earnings and Leave PP23_2018.pdf
✓ [71/163] Form AD-334, Statement of Earnings and Leave PP24.pdf
✓ [72/163] Form AD-334, Statement of Earnings and Leave PP24_2017.pdf
✓ [73/163] Form AD-334, Statement of Earnings and Leave PP25.pdf
✓ [74/163] Form AD-334, Statement of Earnings and Leave PP25_2017.pdf
✓ [75/163] Form AD-334, Statement of Earnings and Leave PP25_2018.pdf
✓ [76/163] Form AD-334, Statement of Earnings and Leave PP25_2020.pdf
✓ [77/163] Form AD-334, Statement of Earnings and Leave PP26.pdf
✓ [78/163] Form AD-334, Statement of Earnings and Leave PP26_2017.pdf
✓ [79/163] Form Ad-334, Statement of Earnings and Leave PP01.pdf_2015.pdf
✓ [80/163] Form Ad-334, Statement of Earnings and Leave PP01_2014.pdf
✓ [81/163] Form Ad-334, Statement of Earnings and Leave PP01_2016.pdf
✓ [82/163] Form Ad-334, Statement of Earnings and Leave PP02.pdf_2015.pdf
✓ [83/163] Form Ad-334, Statement of Earnings and Leave PP02_2014.pdf
✓ [84/163] Form Ad-334, Statement of Earnings and Leave PP02_2016.pdf
✓ [85/163] Form Ad-334, Statement of Earnings and Leave PP03.pdf_2015.pdf
✓ [86/163] Form Ad-334, Statement of Earnings and Leave PP03_2014.pdf
✓ [87/163] Form Ad-334, Statement of Earnings and Leave PP03_2016.pdf
✓ [88/163] Form Ad-334, Statement of Earnings and Leave PP04.pdf_2015.pdf
✓ [89/163] Form Ad-334, Statement of Earnings and Leave PP04_2014.pdf
✓ [90/163] Form Ad-334, Statement of Earnings and Leave PP04_2016.pdf
✓ [91/163] Form Ad-334, Statement of Earnings and Leave PP05.pdf_2015.pdf
✓ [92/163] Form Ad-334, Statement of Earnings and Leave PP05_2014.pdf
✓ [93/163] Form Ad-334, Statement of Earnings and Leave PP05_2016.pdf
✓ [94/163] Form Ad-334, Statement of Earnings and Leave PP06.pdf_2015.pdf
✓ [95/163] Form Ad-334, Statement of Earnings and Leave PP06_2014.pdf
✓ [96/163] Form Ad-334, Statement of Earnings and Leave PP06_2016.pdf
✓ [97/163] Form Ad-334, Statement of Earnings and Leave PP07.pdf_2015.pdf
✓ [98/163] Form Ad-334, Statement of Earnings and Leave PP07_2014.pdf
✓ [99/163] Form Ad-334, Statement of Earnings and Leave PP07_2016.pdf
✓ [100/163] Form Ad-334, Statement of Earnings and Leave PP08.pdf_2015.pdf
✓ [101/163] Form Ad-334, Statement of Earnings and Leave PP08_2014.pdf
✓ [102/163] Form Ad-334, Statement of Earnings and Leave PP08_2016.pdf
✓ [103/163] Form Ad-334, Statement of Earnings and Leave PP09.pdf_2015.pdf
✓ [104/163] Form Ad-334, Statement of Earnings and Leave PP09_2014.pdf
✓ [105/163] Form Ad-334, Statement of Earnings and Leave PP09_2016.pdf
✓ [106/163] Form Ad-334, Statement of Earnings and Leave PP10.pdf_2015.pdf
✓ [107/163] Form Ad-334, Statement of Earnings and Leave PP10_2014.pdf
✓ [108/163] Form Ad-334, Statement of Earnings and Leave PP10_2016.pdf
✓ [109/163] Form Ad-334, Statement of Earnings and Leave PP11.pdf_2015.pdf
✓ [110/163] Form Ad-334, Statement of Earnings and Leave PP11_2014.pdf
✓ [111/163] Form Ad-334, Statement of Earnings and Leave PP11_2016.pdf
✓ [112/163] Form Ad-334, Statement of Earnings and Leave PP12.pdf_2015.pdf
✓ [113/163] Form Ad-334, Statement of Earnings and Leave PP12_2014.pdf
✓ [114/163] Form Ad-334, Statement of Earnings and Leave PP12_2016.pdf
✓ [115/163] Form Ad-334, Statement of Earnings and Leave PP13.pdf_2015.pdf
✓ [116/163] Form Ad-334, Statement of Earnings and Leave PP13_2014.pdf
✓ [117/163] Form Ad-334, Statement of Earnings and Leave PP13_2016.pdf
✓ [118/163] Form Ad-334, Statement of Earnings and Leave PP14.pdf_2015.pdf
✓ [119/163] Form Ad-334, Statement of Earnings and Leave PP14_2014.pdf
✓ [120/163] Form Ad-334, Statement of Earnings and Leave PP14_2016.pdf
✓ [121/163] Form Ad-334, Statement of Earnings and Leave PP15.pdf_2015.pdf
✓ [122/163] Form Ad-334, Statement of Earnings and Leave PP15_2014.pdf
✓ [123/163] Form Ad-334, Statement of Earnings and Leave PP15_2016.pdf
✓ [124/163] Form Ad-334, Statement of Earnings and Leave PP16.pdf_2015.pdf
✓ [125/163] Form Ad-334, Statement of Earnings and Leave PP16_2014.pdf
✓ [126/163] Form Ad-334, Statement of Earnings and Leave PP16_2016.pdf
✓ [127/163] Form Ad-334, Statement of Earnings and Leave PP17.pdf_2015.pdf
✓ [128/163] Form Ad-334, Statement of Earnings and Leave PP17_2014.pdf
✓ [129/163] Form Ad-334, Statement of Earnings and Leave PP17_2016.pdf
✓ [130/163] Form Ad-334, Statement of Earnings and Leave PP18.pdf_2015.pdf
✓ [131/163] Form Ad-334, Statement of Earnings and Leave PP18_2014.pdf
✓ [132/163] Form Ad-334, Statement of Earnings and Leave PP18_2016.pdf
✓ [133/163] Form Ad-334, Statement of Earnings and Leave PP19.pdf_2015.pdf
✓ [134/163] Form Ad-334, Statement of Earnings and Leave PP19_2014.pdf
✓ [135/163] Form Ad-334, Statement of Earnings and Leave PP19_2016.pdf
✓ [136/163] Form Ad-334, Statement of Earnings and Leave PP20.pdf_2015.pdf
✓ [137/163] Form Ad-334, Statement of Earnings and Leave PP20_2013.pdf
✓ [138/163] Form Ad-334, Statement of Earnings and Leave PP20_2014.pdf
✓ [139/163] Form Ad-334, Statement of Earnings and Leave PP20_2016.pdf
✓ [140/163] Form Ad-334, Statement of Earnings and Leave PP21.pdf_2015.pdf
✓ [141/163] Form Ad-334, Statement of Earnings and Leave PP21_2013.pdf
✓ [142/163] Form Ad-334, Statement of Earnings and Leave PP21_2014.pdf
✓ [143/163] Form Ad-334, Statement of Earnings and Leave PP21_2016.pdf
✓ [144/163] Form Ad-334, Statement of Earnings and Leave PP22.pdf_2015.pdf
✓ [145/163] Form Ad-334, Statement of Earnings and Leave PP22_2013.pdf
✓ [146/163] Form Ad-334, Statement of Earnings and Leave PP22_2014.pdf
✓ [147/163] Form Ad-334, Statement of Earnings and Leave PP22_2016.pdf
✓ [148/163] Form Ad-334, Statement of Earnings and Leave PP23.pdf_2015.pdf
✓ [149/163] Form Ad-334, Statement of Earnings and Leave PP23_2013.pdf
✓ [150/163] Form Ad-334, Statement of Earnings and Leave PP23_2014.pdf
✓ [151/163] Form Ad-334, Statement of Earnings and Leave PP23_2016.pdf
✓ [152/163] Form Ad-334, Statement of Earnings and Leave PP24.pdf_2015.pdf
✓ [153/163] Form Ad-334, Statement of Earnings and Leave PP24_2013.pdf
✓ [154/163] Form Ad-334, Statement of Earnings and Leave PP24_2014.pdf
✓ [155/163] Form Ad-334, Statement of Earnings and Leave PP24_2016.pdf
✓ [156/163] Form Ad-334, Statement of Earnings and Leave PP25.pdf_2015.pdf
✓ [157/163] Form Ad-334, Statement of Earnings and Leave PP25_2013.pdf
✓ [158/163] Form Ad-334, Statement of Earnings and Leave PP25_2014.pdf
✓ [159/163] Form Ad-334, Statement of Earnings and Leave PP25_2016.pdf
✓ [160/163] Form Ad-334, Statement of Earnings and Leave PP26.pdf_2015.pdf
✓ [161/163] Form Ad-334, Statement of Earnings and Leave PP26_2013.pdf
✓ [162/163] Form Ad-334, Statement of Earnings and Leave PP26_2014.pdf
✓ [163/163] Form Ad-334, Statement of Earnings and Leave PP26_2016.pdf

Done: 163 copied, 0 failed
